=== 16_8_6 run 1/5 ===
/home/hanwen/FPGA25_SAT_Accel/src/bin/test.real.out /home/hanwen/FPGA25_SAT_Accel/src/bin/workload-hw.xclbin /home/hanwen/FPGA25_SAT_Accel/src/configuration.json /home/hanwen/FPGA25_SAT_Accel/SAT_test_cases/unsat/16_8_6.txt /home/hanwen/FPGA25_SAT_Accel/benchmark/results/paper_suite/16_8_6.csv 0 
INPUT CHECK: ABSOLUTE LITERALS: 48/4716 PRESOLVED COUNT: 10024/55311 NUMBER OF ELEMENTS: 342688 414204
DISTRIBUTION OF MEMORY: 
(0,24),(1,0),(2,0),(3,840),(4,72),(5,0),(6,0),(7,0),(8,0),(9,0),(10,3384),(11,0),(12,0),(13,0),(14,0),(15,0),(16,0),(17,396),
(0,0),(1,24),(2,888),(3,0),(4,1),(5,1),(6,7),(7,2),(8,3),(9,5),(10,4),(11,3384),(12,1),(13,0),(14,0),(15,0),(16,0),(17,396),
Found Platform
Platform Name: Xilinx
INFO: Reading /home/hanwen/FPGA25_SAT_Accel/src/bin/workload-hw.xclbin
Loading: '/home/hanwen/FPGA25_SAT_Accel/src/bin/workload-hw.xclbin'
Trying to program device[0]: xilinx_vck5000_gen4x8_qdma_base_2
Device[0]: program successful!



TRIP COUNT FOR LEARNING (iteration/mergecount): 32 413
TRIP COUNT FOR MINIMIZE (iteration/mergecount/simplified): 35 71 0
STATS FOR LONGEST CLAUSE (longest clause/longest simplified): 7 0
AVERAGE LATENCY FOR BCP CHECK VAR: 553 97.4394
ZEROING OVEHREAD: 150
CLEAR STREAM OVERHEAD: 35
ACCESS LIT STORE STATS: 553 258 4032 731
STATS (TOTAL, DECISION, RETRY, BACKTRACK, RST): 18 11 3 4 0
STATS FOR CLAUSE LBD SCORE: (2) 2 (3) 1 (4) 0 (5) 0 (6) 0 (7) 0 (8) 0 (9) 0 (10) 0 (11) 0 
STATS FOR CLAUSE REMOVAL LBD SCORE: (2) 0 (3) 0 (4) 0 (5) 0 (6) 0 (7) 0 (8) 0 (9) 0 (10) 0 (11) 0 
CYCLE COUNTERS (COPY, PQ-FIND, BRANCH, LEARN, LEARN_MIN, SAVE, RESIZE, BACKTRACK, DELETE): 58,521 240 53,884 1,911 1,800 137 32 0 0
Kernel execution time: 0 (min) 0 (s) 0 (ms) 615 (us) RAW: 615050
=== 16_8_6 run 2/5 ===
/home/hanwen/FPGA25_SAT_Accel/src/bin/test.real.out /home/hanwen/FPGA25_SAT_Accel/src/bin/workload-hw.xclbin /home/hanwen/FPGA25_SAT_Accel/src/configuration.json /home/hanwen/FPGA25_SAT_Accel/SAT_test_cases/unsat/16_8_6.txt /home/hanwen/FPGA25_SAT_Accel/benchmark/results/paper_suite/16_8_6.csv 0 
INPUT CHECK: ABSOLUTE LITERALS: 48/4716 PRESOLVED COUNT: 10024/55311 NUMBER OF ELEMENTS: 342688 414204
DISTRIBUTION OF MEMORY: 
(0,24),(1,0),(2,0),(3,840),(4,72),(5,0),(6,0),(7,0),(8,0),(9,0),(10,3384),(11,0),(12,0),(13,0),(14,0),(15,0),(16,0),(17,396),
(0,0),(1,24),(2,888),(3,0),(4,1),(5,1),(6,7),(7,2),(8,3),(9,5),(10,4),(11,3384),(12,1),(13,0),(14,0),(15,0),(16,0),(17,396),
Found Platform
Platform Name: Xilinx
INFO: Reading /home/hanwen/FPGA25_SAT_Accel/src/bin/workload-hw.xclbin
Loading: '/home/hanwen/FPGA25_SAT_Accel/src/bin/workload-hw.xclbin'
Trying to program device[0]: xilinx_vck5000_gen4x8_qdma_base_2
Device[0]: program successful!



TRIP COUNT FOR LEARNING (iteration/mergecount): 32 413
TRIP COUNT FOR MINIMIZE (iteration/mergecount/simplified): 35 71 0
STATS FOR LONGEST CLAUSE (longest clause/longest simplified): 7 0
AVERAGE LATENCY FOR BCP CHECK VAR: 553 96.7324
ZEROING OVEHREAD: 150
CLEAR STREAM OVERHEAD: 35
ACCESS LIT STORE STATS: 553 258 4032 731
STATS (TOTAL, DECISION, RETRY, BACKTRACK, RST): 18 11 3 4 0
STATS FOR CLAUSE LBD SCORE: (2) 2 (3) 1 (4) 0 (5) 0 (6) 0 (7) 0 (8) 0 (9) 0 (10) 0 (11) 0 
STATS FOR CLAUSE REMOVAL LBD SCORE: (2) 0 (3) 0 (4) 0 (5) 0 (6) 0 (7) 0 (8) 0 (9) 0 (10) 0 (11) 0 
CYCLE COUNTERS (COPY, PQ-FIND, BRANCH, LEARN, LEARN_MIN, SAVE, RESIZE, BACKTRACK, DELETE): 58,619 240 53,493 1,911 1,800 137 32 0 0
Kernel execution time: 0 (min) 0 (s) 0 (ms) 612 (us) RAW: 612539
=== 16_8_6 run 3/5 ===
/home/hanwen/FPGA25_SAT_Accel/src/bin/test.real.out /home/hanwen/FPGA25_SAT_Accel/src/bin/workload-hw.xclbin /home/hanwen/FPGA25_SAT_Accel/src/configuration.json /home/hanwen/FPGA25_SAT_Accel/SAT_test_cases/unsat/16_8_6.txt /home/hanwen/FPGA25_SAT_Accel/benchmark/results/paper_suite/16_8_6.csv 0 
INPUT CHECK: ABSOLUTE LITERALS: 48/4716 PRESOLVED COUNT: 10024/55311 NUMBER OF ELEMENTS: 342688 414204
DISTRIBUTION OF MEMORY: 
(0,24),(1,0),(2,0),(3,840),(4,72),(5,0),(6,0),(7,0),(8,0),(9,0),(10,3384),(11,0),(12,0),(13,0),(14,0),(15,0),(16,0),(17,396),
(0,0),(1,24),(2,888),(3,0),(4,1),(5,1),(6,7),(7,2),(8,3),(9,5),(10,4),(11,3384),(12,1),(13,0),(14,0),(15,0),(16,0),(17,396),
Found Platform
Platform Name: Xilinx
INFO: Reading /home/hanwen/FPGA25_SAT_Accel/src/bin/workload-hw.xclbin
Loading: '/home/hanwen/FPGA25_SAT_Accel/src/bin/workload-hw.xclbin'
Trying to program device[0]: xilinx_vck5000_gen4x8_qdma_base_2
Device[0]: program successful!



TRIP COUNT FOR LEARNING (iteration/mergecount): 32 413
TRIP COUNT FOR MINIMIZE (iteration/mergecount/simplified): 35 71 0
STATS FOR LONGEST CLAUSE (longest clause/longest simplified): 7 0
AVERAGE LATENCY FOR BCP CHECK VAR: 553 98.4647
ZEROING OVEHREAD: 150
CLEAR STREAM OVERHEAD: 35
ACCESS LIT STORE STATS: 553 258 4032 731
STATS (TOTAL, DECISION, RETRY, BACKTRACK, RST): 18 11 3 4 0
STATS FOR CLAUSE LBD SCORE: (2) 2 (3) 1 (4) 0 (5) 0 (6) 0 (7) 0 (8) 0 (9) 0 (10) 0 (11) 0 
STATS FOR CLAUSE REMOVAL LBD SCORE: (2) 0 (3) 0 (4) 0 (5) 0 (6) 0 (7) 0 (8) 0 (9) 0 (10) 0 (11) 0 
CYCLE COUNTERS (COPY, PQ-FIND, BRANCH, LEARN, LEARN_MIN, SAVE, RESIZE, BACKTRACK, DELETE): 59,323 240 54,451 1,911 1,800 137 32 0 0
Kernel execution time: 0 (min) 0 (s) 0 (ms) 611 (us) RAW: 611839
=== 16_8_6 run 4/5 ===
/home/hanwen/FPGA25_SAT_Accel/src/bin/test.real.out /home/hanwen/FPGA25_SAT_Accel/src/bin/workload-hw.xclbin /home/hanwen/FPGA25_SAT_Accel/src/configuration.json /home/hanwen/FPGA25_SAT_Accel/SAT_test_cases/unsat/16_8_6.txt /home/hanwen/FPGA25_SAT_Accel/benchmark/results/paper_suite/16_8_6.csv 0 
INPUT CHECK: ABSOLUTE LITERALS: 48/4716 PRESOLVED COUNT: 10024/55311 NUMBER OF ELEMENTS: 342688 414204
DISTRIBUTION OF MEMORY: 
(0,24),(1,0),(2,0),(3,840),(4,72),(5,0),(6,0),(7,0),(8,0),(9,0),(10,3384),(11,0),(12,0),(13,0),(14,0),(15,0),(16,0),(17,396),
(0,0),(1,24),(2,888),(3,0),(4,1),(5,1),(6,7),(7,2),(8,3),(9,5),(10,4),(11,3384),(12,1),(13,0),(14,0),(15,0),(16,0),(17,396),
Found Platform
Platform Name: Xilinx
INFO: Reading /home/hanwen/FPGA25_SAT_Accel/src/bin/workload-hw.xclbin
Loading: '/home/hanwen/FPGA25_SAT_Accel/src/bin/workload-hw.xclbin'
Trying to program device[0]: xilinx_vck5000_gen4x8_qdma_base_2
Device[0]: program successful!



TRIP COUNT FOR LEARNING (iteration/mergecount): 32 413
TRIP COUNT FOR MINIMIZE (iteration/mergecount/simplified): 35 71 0
STATS FOR LONGEST CLAUSE (longest clause/longest simplified): 7 0
AVERAGE LATENCY FOR BCP CHECK VAR: 553 90.0163
ZEROING OVEHREAD: 150
CLEAR STREAM OVERHEAD: 35
ACCESS LIT STORE STATS: 553 258 4032 731
STATS (TOTAL, DECISION, RETRY, BACKTRACK, RST): 18 11 3 4 0
STATS FOR CLAUSE LBD SCORE: (2) 2 (3) 1 (4) 0 (5) 0 (6) 0 (7) 0 (8) 0 (9) 0 (10) 0 (11) 0 
STATS FOR CLAUSE REMOVAL LBD SCORE: (2) 0 (3) 0 (4) 0 (5) 0 (6) 0 (7) 0 (8) 0 (9) 0 (10) 0 (11) 0 
CYCLE COUNTERS (COPY, PQ-FIND, BRANCH, LEARN, LEARN_MIN, SAVE, RESIZE, BACKTRACK, DELETE): 59,314 240 49,779 1,911 1,800 137 32 0 0
Kernel execution time: 0 (min) 0 (s) 0 (ms) 606 (us) RAW: 606729
=== 16_8_6 run 5/5 ===
/home/hanwen/FPGA25_SAT_Accel/src/bin/test.real.out /home/hanwen/FPGA25_SAT_Accel/src/bin/workload-hw.xclbin /home/hanwen/FPGA25_SAT_Accel/src/configuration.json /home/hanwen/FPGA25_SAT_Accel/SAT_test_cases/unsat/16_8_6.txt /home/hanwen/FPGA25_SAT_Accel/benchmark/results/paper_suite/16_8_6.csv 0 
INPUT CHECK: ABSOLUTE LITERALS: 48/4716 PRESOLVED COUNT: 10024/55311 NUMBER OF ELEMENTS: 342688 414204
DISTRIBUTION OF MEMORY: 
(0,24),(1,0),(2,0),(3,840),(4,72),(5,0),(6,0),(7,0),(8,0),(9,0),(10,3384),(11,0),(12,0),(13,0),(14,0),(15,0),(16,0),(17,396),
(0,0),(1,24),(2,888),(3,0),(4,1),(5,1),(6,7),(7,2),(8,3),(9,5),(10,4),(11,3384),(12,1),(13,0),(14,0),(15,0),(16,0),(17,396),
Found Platform
Platform Name: Xilinx
INFO: Reading /home/hanwen/FPGA25_SAT_Accel/src/bin/workload-hw.xclbin
Loading: '/home/hanwen/FPGA25_SAT_Accel/src/bin/workload-hw.xclbin'
Trying to program device[0]: xilinx_vck5000_gen4x8_qdma_base_2
Device[0]: program successful!



TRIP COUNT FOR LEARNING (iteration/mergecount): 32 413
TRIP COUNT FOR MINIMIZE (iteration/mergecount/simplified): 35 71 0
STATS FOR LONGEST CLAUSE (longest clause/longest simplified): 7 0
AVERAGE LATENCY FOR BCP CHECK VAR: 553 97.8825
ZEROING OVEHREAD: 150
CLEAR STREAM OVERHEAD: 35
ACCESS LIT STORE STATS: 553 258 4032 731
STATS (TOTAL, DECISION, RETRY, BACKTRACK, RST): 18 11 3 4 0
STATS FOR CLAUSE LBD SCORE: (2) 2 (3) 1 (4) 0 (5) 0 (6) 0 (7) 0 (8) 0 (9) 0 (10) 0 (11) 0 
STATS FOR CLAUSE REMOVAL LBD SCORE: (2) 0 (3) 0 (4) 0 (5) 0 (6) 0 (7) 0 (8) 0 (9) 0 (10) 0 (11) 0 
CYCLE COUNTERS (COPY, PQ-FIND, BRANCH, LEARN, LEARN_MIN, SAVE, RESIZE, BACKTRACK, DELETE): 58,664 240 54,129 1,911 1,800 137 32 0 0
Kernel execution time: 0 (min) 0 (s) 0 (ms) 665 (us) RAW: 665810
