=== 289-sat-6x30 run 1/5 ===
/home/hanwen/FPGA25_SAT_Accel/src/bin/test.real.out /home/hanwen/FPGA25_SAT_Accel/src/bin/workload-hw.xclbin /home/hanwen/FPGA25_SAT_Accel/src/configuration.json /home/hanwen/FPGA25_SAT_Accel/SAT_test_cases/sat/289-sat-6x30.cnf /home/hanwen/FPGA25_SAT_Accel/benchmark/results/paper_suite/289-sat-6x30.csv 1 
INPUT CHECK: ABSOLUTE LITERALS: 0/720 PRESOLVED COUNT: 0/27360 NUMBER OF ELEMENTS: 138240 214560
DISTRIBUTION OF MEMORY: 
(0,0),(1,720),(2,0),(3,0),(4,0),(5,0),(6,0),(7,0),(8,0),(9,0),(10,0),(11,0),(12,0),(13,0),(14,0),(15,0),(16,0),(17,0),
(0,0),(1,0),(2,0),(3,0),(4,0),(5,0),(6,0),(7,0),(8,0),(9,0),(10,0),(11,0),(12,0),(13,0),(14,0),(15,0),(16,0),(17,720),
Found Platform
Platform Name: Xilinx
INFO: Reading /home/hanwen/FPGA25_SAT_Accel/src/bin/workload-hw.xclbin
Loading: '/home/hanwen/FPGA25_SAT_Accel/src/bin/workload-hw.xclbin'
Trying to program device[0]: xilinx_vck5000_gen4x8_qdma_base_2
Device[0]: program successful!



TRIP COUNT FOR LEARNING (iteration/mergecount): 172890 3650490
TRIP COUNT FOR MINIMIZE (iteration/mergecount/simplified): 323952 3594160 5410
STATS FOR LONGEST CLAUSE (longest clause/longest simplified): 176 113
AVERAGE LATENCY FOR BCP CHECK VAR: 468167 58.979
ZEROING OVEHREAD: 552702
CLEAR STREAM OVERHEAD: 41874
ACCESS LIT STORE STATS: 468167 467672 6173618 6254386
STATS (TOTAL, DECISION, RETRY, BACKTRACK, RST): 89005 53526 17708 17771 62
STATS FOR CLAUSE LBD SCORE: (2) 0 (3) 0 (4) 0 (5) 1 (6) 15 (7) 93 (8) 395 (9) 916 (10) 1031 (11) 15319 
STATS FOR CLAUSE REMOVAL LBD SCORE: (2) 0 (3) 0 (4) 0 (5) 0 (6) 0 (7) 0 (8) 0 (9) 0 (10) 368 (11) 12004 
CYCLE COUNTERS (COPY, PQ-FIND, BRANCH, LEARN, LEARN_MIN, SAVE, RESIZE, BACKTRACK, DELETE): 27,489 1,644,229 27,612,005 12,779,721 21,006,033 1,527,868 413,634 0 3,896,532
Kernel execution time: 0 (min) 0 (s) 321 (ms) 10 (us) RAW: 321010471
ERROR DURING CLAUSE LEARNING ALLOCATION: -4
