=== 4_4_4 run 1/5 ===
/home/hanwen/FPGA25_SAT_Accel/src/bin/test.real.out /home/hanwen/FPGA25_SAT_Accel/src/bin/workload-hw.xclbin /home/hanwen/FPGA25_SAT_Accel/src/configuration.json /home/hanwen/FPGA25_SAT_Accel/SAT_test_cases/sat/4_4_4.txt /home/hanwen/FPGA25_SAT_Accel/benchmark/results/paper_suite/4_4_4.csv 1 
INPUT CHECK: ABSOLUTE LITERALS: 22/346 PRESOLVED COUNT: 646/2246 NUMBER OF ELEMENTS: 16352 13784
DISTRIBUTION OF MEMORY: 
(0,4),(1,0),(2,0),(3,72),(4,12),(5,12),(6,168),(7,0),(8,0),(9,0),(10,0),(11,0),(12,0),(13,0),(14,0),(15,0),(16,6),(17,72),
(0,0),(1,1),(2,76),(3,25),(4,0),(5,2),(6,0),(7,169),(8,0),(9,1),(10,0),(11,0),(12,0),(13,0),(14,0),(15,0),(16,6),(17,66),
Found Platform
Platform Name: Xilinx
INFO: Reading /home/hanwen/FPGA25_SAT_Accel/src/bin/workload-hw.xclbin
Loading: '/home/hanwen/FPGA25_SAT_Accel/src/bin/workload-hw.xclbin'
Trying to program device[0]: xilinx_vck5000_gen4x8_qdma_base_2
Device[0]: program successful!



TRIP COUNT FOR LEARNING (iteration/mergecount): 1361 21106
TRIP COUNT FOR MINIMIZE (iteration/mergecount/simplified): 1609 7308 55
STATS FOR LONGEST CLAUSE (longest clause/longest simplified): 63 30
AVERAGE LATENCY FOR BCP CHECK VAR: 7567 14.0283
ZEROING OVEHREAD: 1175
CLEAR STREAM OVERHEAD: 513
ACCESS LIT STORE STATS: 7556 7214 16119 15465
STATS (TOTAL, DECISION, RETRY, BACKTRACK, RST): 443 240 101 102 1
STATS FOR CLAUSE LBD SCORE: (2) 8 (3) 16 (4) 17 (5) 13 (6) 8 (7) 5 (8) 2 (9) 3 (10) 6 (11) 24 
STATS FOR CLAUSE REMOVAL LBD SCORE: (2) 0 (3) 0 (4) 0 (5) 0 (6) 0 (7) 0 (8) 0 (9) 0 (10) 0 (11) 10 
CYCLE COUNTERS (COPY, PQ-FIND, BRANCH, LEARN, LEARN_MIN, SAVE, RESIZE, BACKTRACK, DELETE): 2,350 16,347 106,152 85,452 52,637 5,947 1,526 0 1,400
Kernel execution time: 0 (min) 0 (s) 1 (ms) 401 (us) RAW: 1401622
=== 4_4_4 run 2/5 ===
/home/hanwen/FPGA25_SAT_Accel/src/bin/test.real.out /home/hanwen/FPGA25_SAT_Accel/src/bin/workload-hw.xclbin /home/hanwen/FPGA25_SAT_Accel/src/configuration.json /home/hanwen/FPGA25_SAT_Accel/SAT_test_cases/sat/4_4_4.txt /home/hanwen/FPGA25_SAT_Accel/benchmark/results/paper_suite/4_4_4.csv 1 
INPUT CHECK: ABSOLUTE LITERALS: 22/346 PRESOLVED COUNT: 646/2246 NUMBER OF ELEMENTS: 16352 13784
DISTRIBUTION OF MEMORY: 
(0,4),(1,0),(2,0),(3,72),(4,12),(5,12),(6,168),(7,0),(8,0),(9,0),(10,0),(11,0),(12,0),(13,0),(14,0),(15,0),(16,6),(17,72),
(0,0),(1,1),(2,76),(3,25),(4,0),(5,2),(6,0),(7,169),(8,0),(9,1),(10,0),(11,0),(12,0),(13,0),(14,0),(15,0),(16,6),(17,66),
Found Platform
Platform Name: Xilinx
INFO: Reading /home/hanwen/FPGA25_SAT_Accel/src/bin/workload-hw.xclbin
Loading: '/home/hanwen/FPGA25_SAT_Accel/src/bin/workload-hw.xclbin'
Trying to program device[0]: xilinx_vck5000_gen4x8_qdma_base_2
Device[0]: program successful!



TRIP COUNT FOR LEARNING (iteration/mergecount): 1361 21106
TRIP COUNT FOR MINIMIZE (iteration/mergecount/simplified): 1609 7308 55
STATS FOR LONGEST CLAUSE (longest clause/longest simplified): 63 30
AVERAGE LATENCY FOR BCP CHECK VAR: 7567 14.0283
ZEROING OVEHREAD: 1175
CLEAR STREAM OVERHEAD: 513
ACCESS LIT STORE STATS: 7556 7214 16119 15465
STATS (TOTAL, DECISION, RETRY, BACKTRACK, RST): 443 240 101 102 1
STATS FOR CLAUSE LBD SCORE: (2) 8 (3) 16 (4) 17 (5) 13 (6) 8 (7) 5 (8) 2 (9) 3 (10) 6 (11) 24 
STATS FOR CLAUSE REMOVAL LBD SCORE: (2) 0 (3) 0 (4) 0 (5) 0 (6) 0 (7) 0 (8) 0 (9) 0 (10) 0 (11) 10 
CYCLE COUNTERS (COPY, PQ-FIND, BRANCH, LEARN, LEARN_MIN, SAVE, RESIZE, BACKTRACK, DELETE): 2,375 16,347 106,152 85,452 52,637 5,947 1,526 0 1,463
Kernel execution time: 0 (min) 0 (s) 1 (ms) 341 (us) RAW: 1341760
=== 4_4_4 run 3/5 ===
/home/hanwen/FPGA25_SAT_Accel/src/bin/test.real.out /home/hanwen/FPGA25_SAT_Accel/src/bin/workload-hw.xclbin /home/hanwen/FPGA25_SAT_Accel/src/configuration.json /home/hanwen/FPGA25_SAT_Accel/SAT_test_cases/sat/4_4_4.txt /home/hanwen/FPGA25_SAT_Accel/benchmark/results/paper_suite/4_4_4.csv 1 
INPUT CHECK: ABSOLUTE LITERALS: 22/346 PRESOLVED COUNT: 646/2246 NUMBER OF ELEMENTS: 16352 13784
DISTRIBUTION OF MEMORY: 
(0,4),(1,0),(2,0),(3,72),(4,12),(5,12),(6,168),(7,0),(8,0),(9,0),(10,0),(11,0),(12,0),(13,0),(14,0),(15,0),(16,6),(17,72),
(0,0),(1,1),(2,76),(3,25),(4,0),(5,2),(6,0),(7,169),(8,0),(9,1),(10,0),(11,0),(12,0),(13,0),(14,0),(15,0),(16,6),(17,66),
Found Platform
Platform Name: Xilinx
INFO: Reading /home/hanwen/FPGA25_SAT_Accel/src/bin/workload-hw.xclbin
Loading: '/home/hanwen/FPGA25_SAT_Accel/src/bin/workload-hw.xclbin'
Trying to program device[0]: xilinx_vck5000_gen4x8_qdma_base_2
Device[0]: program successful!



TRIP COUNT FOR LEARNING (iteration/mergecount): 1361 21106
TRIP COUNT FOR MINIMIZE (iteration/mergecount/simplified): 1609 7308 55
STATS FOR LONGEST CLAUSE (longest clause/longest simplified): 63 30
AVERAGE LATENCY FOR BCP CHECK VAR: 7567 14.0283
ZEROING OVEHREAD: 1175
CLEAR STREAM OVERHEAD: 513
ACCESS LIT STORE STATS: 7556 7214 16119 15465
STATS (TOTAL, DECISION, RETRY, BACKTRACK, RST): 443 240 101 102 1
STATS FOR CLAUSE LBD SCORE: (2) 8 (3) 16 (4) 17 (5) 13 (6) 8 (7) 5 (8) 2 (9) 3 (10) 6 (11) 24 
STATS FOR CLAUSE REMOVAL LBD SCORE: (2) 0 (3) 0 (4) 0 (5) 0 (6) 0 (7) 0 (8) 0 (9) 0 (10) 0 (11) 10 
CYCLE COUNTERS (COPY, PQ-FIND, BRANCH, LEARN, LEARN_MIN, SAVE, RESIZE, BACKTRACK, DELETE): 2,375 16,347 106,152 85,452 52,637 5,947 1,526 0 1,400
Kernel execution time: 0 (min) 0 (s) 1 (ms) 378 (us) RAW: 1378061
=== 4_4_4 run 4/5 ===
/home/hanwen/FPGA25_SAT_Accel/src/bin/test.real.out /home/hanwen/FPGA25_SAT_Accel/src/bin/workload-hw.xclbin /home/hanwen/FPGA25_SAT_Accel/src/configuration.json /home/hanwen/FPGA25_SAT_Accel/SAT_test_cases/sat/4_4_4.txt /home/hanwen/FPGA25_SAT_Accel/benchmark/results/paper_suite/4_4_4.csv 1 
INPUT CHECK: ABSOLUTE LITERALS: 22/346 PRESOLVED COUNT: 646/2246 NUMBER OF ELEMENTS: 16352 13784
DISTRIBUTION OF MEMORY: 
(0,4),(1,0),(2,0),(3,72),(4,12),(5,12),(6,168),(7,0),(8,0),(9,0),(10,0),(11,0),(12,0),(13,0),(14,0),(15,0),(16,6),(17,72),
(0,0),(1,1),(2,76),(3,25),(4,0),(5,2),(6,0),(7,169),(8,0),(9,1),(10,0),(11,0),(12,0),(13,0),(14,0),(15,0),(16,6),(17,66),
Found Platform
Platform Name: Xilinx
INFO: Reading /home/hanwen/FPGA25_SAT_Accel/src/bin/workload-hw.xclbin
Loading: '/home/hanwen/FPGA25_SAT_Accel/src/bin/workload-hw.xclbin'
Trying to program device[0]: xilinx_vck5000_gen4x8_qdma_base_2
Device[0]: program successful!



TRIP COUNT FOR LEARNING (iteration/mergecount): 1361 21106
TRIP COUNT FOR MINIMIZE (iteration/mergecount/simplified): 1609 7308 55
STATS FOR LONGEST CLAUSE (longest clause/longest simplified): 63 30
AVERAGE LATENCY FOR BCP CHECK VAR: 7567 14.0283
ZEROING OVEHREAD: 1175
CLEAR STREAM OVERHEAD: 513
ACCESS LIT STORE STATS: 7556 7214 16119 15465
STATS (TOTAL, DECISION, RETRY, BACKTRACK, RST): 443 240 101 102 1
STATS FOR CLAUSE LBD SCORE: (2) 8 (3) 16 (4) 17 (5) 13 (6) 8 (7) 5 (8) 2 (9) 3 (10) 6 (11) 24 
STATS FOR CLAUSE REMOVAL LBD SCORE: (2) 0 (3) 0 (4) 0 (5) 0 (6) 0 (7) 0 (8) 0 (9) 0 (10) 0 (11) 10 
CYCLE COUNTERS (COPY, PQ-FIND, BRANCH, LEARN, LEARN_MIN, SAVE, RESIZE, BACKTRACK, DELETE): 2,375 16,347 106,152 85,452 52,637 5,947 1,526 0 1,400
Kernel execution time: 0 (min) 0 (s) 1 (ms) 388 (us) RAW: 1388851
=== 4_4_4 run 5/5 ===
/home/hanwen/FPGA25_SAT_Accel/src/bin/test.real.out /home/hanwen/FPGA25_SAT_Accel/src/bin/workload-hw.xclbin /home/hanwen/FPGA25_SAT_Accel/src/configuration.json /home/hanwen/FPGA25_SAT_Accel/SAT_test_cases/sat/4_4_4.txt /home/hanwen/FPGA25_SAT_Accel/benchmark/results/paper_suite/4_4_4.csv 1 
INPUT CHECK: ABSOLUTE LITERALS: 22/346 PRESOLVED COUNT: 646/2246 NUMBER OF ELEMENTS: 16352 13784
DISTRIBUTION OF MEMORY: 
(0,4),(1,0),(2,0),(3,72),(4,12),(5,12),(6,168),(7,0),(8,0),(9,0),(10,0),(11,0),(12,0),(13,0),(14,0),(15,0),(16,6),(17,72),
(0,0),(1,1),(2,76),(3,25),(4,0),(5,2),(6,0),(7,169),(8,0),(9,1),(10,0),(11,0),(12,0),(13,0),(14,0),(15,0),(16,6),(17,66),
Found Platform
Platform Name: Xilinx
INFO: Reading /home/hanwen/FPGA25_SAT_Accel/src/bin/workload-hw.xclbin
Loading: '/home/hanwen/FPGA25_SAT_Accel/src/bin/workload-hw.xclbin'
Trying to program device[0]: xilinx_vck5000_gen4x8_qdma_base_2
Device[0]: program successful!



TRIP COUNT FOR LEARNING (iteration/mergecount): 1361 21106
TRIP COUNT FOR MINIMIZE (iteration/mergecount/simplified): 1609 7308 55
STATS FOR LONGEST CLAUSE (longest clause/longest simplified): 63 30
AVERAGE LATENCY FOR BCP CHECK VAR: 7567 14.0283
ZEROING OVEHREAD: 1175
CLEAR STREAM OVERHEAD: 513
ACCESS LIT STORE STATS: 7556 7214 16119 15465
STATS (TOTAL, DECISION, RETRY, BACKTRACK, RST): 443 240 101 102 1
STATS FOR CLAUSE LBD SCORE: (2) 8 (3) 16 (4) 17 (5) 13 (6) 8 (7) 5 (8) 2 (9) 3 (10) 6 (11) 24 
STATS FOR CLAUSE REMOVAL LBD SCORE: (2) 0 (3) 0 (4) 0 (5) 0 (6) 0 (7) 0 (8) 0 (9) 0 (10) 0 (11) 10 
CYCLE COUNTERS (COPY, PQ-FIND, BRANCH, LEARN, LEARN_MIN, SAVE, RESIZE, BACKTRACK, DELETE): 2,375 16,347 106,152 85,452 52,637 5,947 1,526 0 1,403
Kernel execution time: 0 (min) 0 (s) 1 (ms) 345 (us) RAW: 1345391
