=== 4_4_2 run 1/5 ===
/home/hanwen/FPGA25_SAT_Accel/src/bin/test.real.out /home/hanwen/FPGA25_SAT_Accel/src/bin/workload-hw.xclbin /home/hanwen/FPGA25_SAT_Accel/src/configuration.json /home/hanwen/FPGA25_SAT_Accel/SAT_test_cases/unsat/4_4_2.txt /home/hanwen/FPGA25_SAT_Accel/benchmark/results/paper_suite/4_4_2.csv 0 
INPUT CHECK: ABSOLUTE LITERALS: 14/176 PRESOLVED COUNT: 314/1054 NUMBER OF ELEMENTS: 7760 6328
DISTRIBUTION OF MEMORY: 
(0,4),(1,0),(2,0),(3,36),(4,12),(5,0),(6,84),(7,0),(8,0),(9,0),(10,6),(11,0),(12,1),(13,0),(14,1),(15,0),(16,2),(17,30),
(0,0),(1,13),(2,40),(3,1),(4,0),(5,2),(6,0),(7,85),(8,0),(9,1),(10,6),(11,0),(12,0),(13,0),(14,0),(15,0),(16,0),(17,28),
Found Platform
Platform Name: Xilinx
INFO: Reading /home/hanwen/FPGA25_SAT_Accel/src/bin/workload-hw.xclbin
Loading: '/home/hanwen/FPGA25_SAT_Accel/src/bin/workload-hw.xclbin'
Trying to program device[0]: xilinx_vck5000_gen4x8_qdma_base_2
Device[0]: program successful!



TRIP COUNT FOR LEARNING (iteration/mergecount): 1935 26660
TRIP COUNT FOR MINIMIZE (iteration/mergecount/simplified): 1882 6124 111
STATS FOR LONGEST CLAUSE (longest clause/longest simplified): 39 31
AVERAGE LATENCY FOR BCP CHECK VAR: 6131 15.1342
ZEROING OVEHREAD: 1468
CLEAR STREAM OVERHEAD: 651
ACCESS LIT STORE STATS: 6127 6012 14404 14258
STATS (TOTAL, DECISION, RETRY, BACKTRACK, RST): 504 193 152 159 1
STATS FOR CLAUSE LBD SCORE: (2) 21 (3) 49 (4) 32 (5) 22 (6) 13 (7) 10 (8) 5 (9) 1 (10) 0 (11) 0 
STATS FOR CLAUSE REMOVAL LBD SCORE: (2) 0 (3) 0 (4) 0 (5) 0 (6) 0 (7) 4 (8) 5 (9) 1 (10) 0 (11) 0 
CYCLE COUNTERS (COPY, PQ-FIND, BRANCH, LEARN, LEARN_MIN, SAVE, RESIZE, BACKTRACK, DELETE): 1,169 5,224 92,788 115,058 55,400 8,349 2,111 0 1,312
Kernel execution time: 0 (min) 0 (s) 1 (ms) 419 (us) RAW: 1419311
=== 4_4_2 run 2/5 ===
/home/hanwen/FPGA25_SAT_Accel/src/bin/test.real.out /home/hanwen/FPGA25_SAT_Accel/src/bin/workload-hw.xclbin /home/hanwen/FPGA25_SAT_Accel/src/configuration.json /home/hanwen/FPGA25_SAT_Accel/SAT_test_cases/unsat/4_4_2.txt /home/hanwen/FPGA25_SAT_Accel/benchmark/results/paper_suite/4_4_2.csv 0 
INPUT CHECK: ABSOLUTE LITERALS: 14/176 PRESOLVED COUNT: 314/1054 NUMBER OF ELEMENTS: 7760 6328
DISTRIBUTION OF MEMORY: 
(0,4),(1,0),(2,0),(3,36),(4,12),(5,0),(6,84),(7,0),(8,0),(9,0),(10,6),(11,0),(12,1),(13,0),(14,1),(15,0),(16,2),(17,30),
(0,0),(1,13),(2,40),(3,1),(4,0),(5,2),(6,0),(7,85),(8,0),(9,1),(10,6),(11,0),(12,0),(13,0),(14,0),(15,0),(16,0),(17,28),
Found Platform
Platform Name: Xilinx
INFO: Reading /home/hanwen/FPGA25_SAT_Accel/src/bin/workload-hw.xclbin
Loading: '/home/hanwen/FPGA25_SAT_Accel/src/bin/workload-hw.xclbin'
Trying to program device[0]: xilinx_vck5000_gen4x8_qdma_base_2
Device[0]: program successful!



TRIP COUNT FOR LEARNING (iteration/mergecount): 1935 26660
TRIP COUNT FOR MINIMIZE (iteration/mergecount/simplified): 1882 6124 111
STATS FOR LONGEST CLAUSE (longest clause/longest simplified): 39 31
AVERAGE LATENCY FOR BCP CHECK VAR: 6131 15.1342
ZEROING OVEHREAD: 1468
CLEAR STREAM OVERHEAD: 651
ACCESS LIT STORE STATS: 6127 6012 14404 14258
STATS (TOTAL, DECISION, RETRY, BACKTRACK, RST): 504 193 152 159 1
STATS FOR CLAUSE LBD SCORE: (2) 21 (3) 49 (4) 32 (5) 22 (6) 13 (7) 10 (8) 5 (9) 1 (10) 0 (11) 0 
STATS FOR CLAUSE REMOVAL LBD SCORE: (2) 0 (3) 0 (4) 0 (5) 0 (6) 0 (7) 4 (8) 5 (9) 1 (10) 0 (11) 0 
CYCLE COUNTERS (COPY, PQ-FIND, BRANCH, LEARN, LEARN_MIN, SAVE, RESIZE, BACKTRACK, DELETE): 1,182 5,224 92,788 115,058 55,400 8,349 2,111 0 1,312
Kernel execution time: 0 (min) 0 (s) 1 (ms) 425 (us) RAW: 1425291
=== 4_4_2 run 3/5 ===
/home/hanwen/FPGA25_SAT_Accel/src/bin/test.real.out /home/hanwen/FPGA25_SAT_Accel/src/bin/workload-hw.xclbin /home/hanwen/FPGA25_SAT_Accel/src/configuration.json /home/hanwen/FPGA25_SAT_Accel/SAT_test_cases/unsat/4_4_2.txt /home/hanwen/FPGA25_SAT_Accel/benchmark/results/paper_suite/4_4_2.csv 0 
INPUT CHECK: ABSOLUTE LITERALS: 14/176 PRESOLVED COUNT: 314/1054 NUMBER OF ELEMENTS: 7760 6328
DISTRIBUTION OF MEMORY: 
(0,4),(1,0),(2,0),(3,36),(4,12),(5,0),(6,84),(7,0),(8,0),(9,0),(10,6),(11,0),(12,1),(13,0),(14,1),(15,0),(16,2),(17,30),
(0,0),(1,13),(2,40),(3,1),(4,0),(5,2),(6,0),(7,85),(8,0),(9,1),(10,6),(11,0),(12,0),(13,0),(14,0),(15,0),(16,0),(17,28),
Found Platform
Platform Name: Xilinx
INFO: Reading /home/hanwen/FPGA25_SAT_Accel/src/bin/workload-hw.xclbin
Loading: '/home/hanwen/FPGA25_SAT_Accel/src/bin/workload-hw.xclbin'
Trying to program device[0]: xilinx_vck5000_gen4x8_qdma_base_2
Device[0]: program successful!



TRIP COUNT FOR LEARNING (iteration/mergecount): 1935 26660
TRIP COUNT FOR MINIMIZE (iteration/mergecount/simplified): 1882 6124 111
STATS FOR LONGEST CLAUSE (longest clause/longest simplified): 39 31
AVERAGE LATENCY FOR BCP CHECK VAR: 6131 15.1342
ZEROING OVEHREAD: 1468
CLEAR STREAM OVERHEAD: 651
ACCESS LIT STORE STATS: 6127 6012 14404 14258
STATS (TOTAL, DECISION, RETRY, BACKTRACK, RST): 504 193 152 159 1
STATS FOR CLAUSE LBD SCORE: (2) 21 (3) 49 (4) 32 (5) 22 (6) 13 (7) 10 (8) 5 (9) 1 (10) 0 (11) 0 
STATS FOR CLAUSE REMOVAL LBD SCORE: (2) 0 (3) 0 (4) 0 (5) 0 (6) 0 (7) 4 (8) 5 (9) 1 (10) 0 (11) 0 
CYCLE COUNTERS (COPY, PQ-FIND, BRANCH, LEARN, LEARN_MIN, SAVE, RESIZE, BACKTRACK, DELETE): 1,245 5,224 92,788 115,058 55,400 8,349 2,111 0 1,312
Kernel execution time: 0 (min) 0 (s) 1 (ms) 415 (us) RAW: 1415152
=== 4_4_2 run 4/5 ===
/home/hanwen/FPGA25_SAT_Accel/src/bin/test.real.out /home/hanwen/FPGA25_SAT_Accel/src/bin/workload-hw.xclbin /home/hanwen/FPGA25_SAT_Accel/src/configuration.json /home/hanwen/FPGA25_SAT_Accel/SAT_test_cases/unsat/4_4_2.txt /home/hanwen/FPGA25_SAT_Accel/benchmark/results/paper_suite/4_4_2.csv 0 
INPUT CHECK: ABSOLUTE LITERALS: 14/176 PRESOLVED COUNT: 314/1054 NUMBER OF ELEMENTS: 7760 6328
DISTRIBUTION OF MEMORY: 
(0,4),(1,0),(2,0),(3,36),(4,12),(5,0),(6,84),(7,0),(8,0),(9,0),(10,6),(11,0),(12,1),(13,0),(14,1),(15,0),(16,2),(17,30),
(0,0),(1,13),(2,40),(3,1),(4,0),(5,2),(6,0),(7,85),(8,0),(9,1),(10,6),(11,0),(12,0),(13,0),(14,0),(15,0),(16,0),(17,28),
Found Platform
Platform Name: Xilinx
INFO: Reading /home/hanwen/FPGA25_SAT_Accel/src/bin/workload-hw.xclbin
Loading: '/home/hanwen/FPGA25_SAT_Accel/src/bin/workload-hw.xclbin'
Trying to program device[0]: xilinx_vck5000_gen4x8_qdma_base_2
Device[0]: program successful!



TRIP COUNT FOR LEARNING (iteration/mergecount): 1935 26660
TRIP COUNT FOR MINIMIZE (iteration/mergecount/simplified): 1882 6124 111
STATS FOR LONGEST CLAUSE (longest clause/longest simplified): 39 31
AVERAGE LATENCY FOR BCP CHECK VAR: 6131 15.1342
ZEROING OVEHREAD: 1468
CLEAR STREAM OVERHEAD: 651
ACCESS LIT STORE STATS: 6127 6012 14404 14258
STATS (TOTAL, DECISION, RETRY, BACKTRACK, RST): 504 193 152 159 1
STATS FOR CLAUSE LBD SCORE: (2) 21 (3) 49 (4) 32 (5) 22 (6) 13 (7) 10 (8) 5 (9) 1 (10) 0 (11) 0 
STATS FOR CLAUSE REMOVAL LBD SCORE: (2) 0 (3) 0 (4) 0 (5) 0 (6) 0 (7) 4 (8) 5 (9) 1 (10) 0 (11) 0 
CYCLE COUNTERS (COPY, PQ-FIND, BRANCH, LEARN, LEARN_MIN, SAVE, RESIZE, BACKTRACK, DELETE): 1,182 5,224 92,788 115,058 55,400 8,349 2,111 0 1,312
Kernel execution time: 0 (min) 0 (s) 1 (ms) 451 (us) RAW: 1451492
=== 4_4_2 run 5/5 ===
/home/hanwen/FPGA25_SAT_Accel/src/bin/test.real.out /home/hanwen/FPGA25_SAT_Accel/src/bin/workload-hw.xclbin /home/hanwen/FPGA25_SAT_Accel/src/configuration.json /home/hanwen/FPGA25_SAT_Accel/SAT_test_cases/unsat/4_4_2.txt /home/hanwen/FPGA25_SAT_Accel/benchmark/results/paper_suite/4_4_2.csv 0 
INPUT CHECK: ABSOLUTE LITERALS: 14/176 PRESOLVED COUNT: 314/1054 NUMBER OF ELEMENTS: 7760 6328
DISTRIBUTION OF MEMORY: 
(0,4),(1,0),(2,0),(3,36),(4,12),(5,0),(6,84),(7,0),(8,0),(9,0),(10,6),(11,0),(12,1),(13,0),(14,1),(15,0),(16,2),(17,30),
(0,0),(1,13),(2,40),(3,1),(4,0),(5,2),(6,0),(7,85),(8,0),(9,1),(10,6),(11,0),(12,0),(13,0),(14,0),(15,0),(16,0),(17,28),
Found Platform
Platform Name: Xilinx
INFO: Reading /home/hanwen/FPGA25_SAT_Accel/src/bin/workload-hw.xclbin
Loading: '/home/hanwen/FPGA25_SAT_Accel/src/bin/workload-hw.xclbin'
Trying to program device[0]: xilinx_vck5000_gen4x8_qdma_base_2
Device[0]: program successful!



TRIP COUNT FOR LEARNING (iteration/mergecount): 1935 26660
TRIP COUNT FOR MINIMIZE (iteration/mergecount/simplified): 1882 6124 111
STATS FOR LONGEST CLAUSE (longest clause/longest simplified): 39 31
AVERAGE LATENCY FOR BCP CHECK VAR: 6131 15.1342
ZEROING OVEHREAD: 1468
CLEAR STREAM OVERHEAD: 651
ACCESS LIT STORE STATS: 6127 6012 14404 14258
STATS (TOTAL, DECISION, RETRY, BACKTRACK, RST): 504 193 152 159 1
STATS FOR CLAUSE LBD SCORE: (2) 21 (3) 49 (4) 32 (5) 22 (6) 13 (7) 10 (8) 5 (9) 1 (10) 0 (11) 0 
STATS FOR CLAUSE REMOVAL LBD SCORE: (2) 0 (3) 0 (4) 0 (5) 0 (6) 0 (7) 4 (8) 5 (9) 1 (10) 0 (11) 0 
CYCLE COUNTERS (COPY, PQ-FIND, BRANCH, LEARN, LEARN_MIN, SAVE, RESIZE, BACKTRACK, DELETE): 1,182 5,224 92,788 115,058 55,400 8,349 2,111 0 1,312
Kernel execution time: 0 (min) 0 (s) 1 (ms) 450 (us) RAW: 1450912
