=== 9_6_4 run 1/5 ===
/home/hanwen/FPGA25_SAT_Accel/src/bin/test.real.out /home/hanwen/FPGA25_SAT_Accel/src/bin/workload-hw.xclbin /home/hanwen/FPGA25_SAT_Accel/src/configuration.json /home/hanwen/FPGA25_SAT_Accel/SAT_test_cases/sat/9_6_4.txt /home/hanwen/FPGA25_SAT_Accel/benchmark/results/paper_suite/9_6_4.csv 1 
INPUT CHECK: ABSOLUTE LITERALS: 9/1275 PRESOLVED COUNT: 45/11537 NUMBER OF ELEMENTS: 75072 74324
DISTRIBUTION OF MEMORY: 
(0,12),(1,0),(2,0),(3,240),(4,18),(5,18),(6,0),(7,0),(8,828),(9,0),(10,0),(11,0),(12,0),(13,0),(14,0),(15,0),(16,0),(17,159),
(0,0),(1,1),(2,240),(3,43),(4,2),(5,6),(6,0),(7,4),(8,0),(9,829),(10,0),(11,0),(12,0),(13,0),(14,0),(15,0),(16,0),(17,150),
Found Platform
Platform Name: Xilinx
INFO: Reading /home/hanwen/FPGA25_SAT_Accel/src/bin/workload-hw.xclbin
Loading: '/home/hanwen/FPGA25_SAT_Accel/src/bin/workload-hw.xclbin'
Trying to program device[0]: xilinx_vck5000_gen4x8_qdma_base_2
Device[0]: program successful!



TRIP COUNT FOR LEARNING (iteration/mergecount): 1327 26623
TRIP COUNT FOR MINIMIZE (iteration/mergecount/simplified): 5178 29274 86
STATS FOR LONGEST CLAUSE (longest clause/longest simplified): 103 65
AVERAGE LATENCY FOR BCP CHECK VAR: 17056 17.4474
ZEROING OVEHREAD: 9687
CLEAR STREAM OVERHEAD: 2442
ACCESS LIT STORE STATS: 17024 15761 62335 58018
STATS (TOTAL, DECISION, RETRY, BACKTRACK, RST): 794 501 146 147 1
STATS FOR CLAUSE LBD SCORE: (2) 2 (3) 5 (4) 11 (5) 8 (6) 14 (7) 14 (8) 13 (9) 13 (10) 8 (11) 59 
STATS FOR CLAUSE REMOVAL LBD SCORE: (2) 0 (3) 0 (4) 0 (5) 0 (6) 0 (7) 0 (8) 0 (9) 0 (10) 0 (11) 10 
CYCLE COUNTERS (COPY, PQ-FIND, BRANCH, LEARN, LEARN_MIN, SAVE, RESIZE, BACKTRACK, DELETE): 12,673 31,958 297,583 92,766 172,229 10,062 2,506 0 2,259
Kernel execution time: 0 (min) 0 (s) 3 (ms) 36 (us) RAW: 3036556
=== 9_6_4 run 2/5 ===
/home/hanwen/FPGA25_SAT_Accel/src/bin/test.real.out /home/hanwen/FPGA25_SAT_Accel/src/bin/workload-hw.xclbin /home/hanwen/FPGA25_SAT_Accel/src/configuration.json /home/hanwen/FPGA25_SAT_Accel/SAT_test_cases/sat/9_6_4.txt /home/hanwen/FPGA25_SAT_Accel/benchmark/results/paper_suite/9_6_4.csv 1 
INPUT CHECK: ABSOLUTE LITERALS: 9/1275 PRESOLVED COUNT: 45/11537 NUMBER OF ELEMENTS: 75072 74324
DISTRIBUTION OF MEMORY: 
(0,12),(1,0),(2,0),(3,240),(4,18),(5,18),(6,0),(7,0),(8,828),(9,0),(10,0),(11,0),(12,0),(13,0),(14,0),(15,0),(16,0),(17,159),
(0,0),(1,1),(2,240),(3,43),(4,2),(5,6),(6,0),(7,4),(8,0),(9,829),(10,0),(11,0),(12,0),(13,0),(14,0),(15,0),(16,0),(17,150),
Found Platform
Platform Name: Xilinx
INFO: Reading /home/hanwen/FPGA25_SAT_Accel/src/bin/workload-hw.xclbin
Loading: '/home/hanwen/FPGA25_SAT_Accel/src/bin/workload-hw.xclbin'
Trying to program device[0]: xilinx_vck5000_gen4x8_qdma_base_2
Device[0]: program successful!



TRIP COUNT FOR LEARNING (iteration/mergecount): 1327 26623
TRIP COUNT FOR MINIMIZE (iteration/mergecount/simplified): 5178 29274 86
STATS FOR LONGEST CLAUSE (longest clause/longest simplified): 103 65
AVERAGE LATENCY FOR BCP CHECK VAR: 17056 17.4474
ZEROING OVEHREAD: 9687
CLEAR STREAM OVERHEAD: 2442
ACCESS LIT STORE STATS: 17024 15761 62335 58018
STATS (TOTAL, DECISION, RETRY, BACKTRACK, RST): 794 501 146 147 1
STATS FOR CLAUSE LBD SCORE: (2) 2 (3) 5 (4) 11 (5) 8 (6) 14 (7) 14 (8) 13 (9) 13 (10) 8 (11) 59 
STATS FOR CLAUSE REMOVAL LBD SCORE: (2) 0 (3) 0 (4) 0 (5) 0 (6) 0 (7) 0 (8) 0 (9) 0 (10) 0 (11) 10 
CYCLE COUNTERS (COPY, PQ-FIND, BRANCH, LEARN, LEARN_MIN, SAVE, RESIZE, BACKTRACK, DELETE): 11,666 31,958 297,583 92,766 172,229 10,062 2,506 0 2,259
Kernel execution time: 0 (min) 0 (s) 3 (ms) 29 (us) RAW: 3029286
=== 9_6_4 run 3/5 ===
/home/hanwen/FPGA25_SAT_Accel/src/bin/test.real.out /home/hanwen/FPGA25_SAT_Accel/src/bin/workload-hw.xclbin /home/hanwen/FPGA25_SAT_Accel/src/configuration.json /home/hanwen/FPGA25_SAT_Accel/SAT_test_cases/sat/9_6_4.txt /home/hanwen/FPGA25_SAT_Accel/benchmark/results/paper_suite/9_6_4.csv 1 
INPUT CHECK: ABSOLUTE LITERALS: 9/1275 PRESOLVED COUNT: 45/11537 NUMBER OF ELEMENTS: 75072 74324
DISTRIBUTION OF MEMORY: 
(0,12),(1,0),(2,0),(3,240),(4,18),(5,18),(6,0),(7,0),(8,828),(9,0),(10,0),(11,0),(12,0),(13,0),(14,0),(15,0),(16,0),(17,159),
(0,0),(1,1),(2,240),(3,43),(4,2),(5,6),(6,0),(7,4),(8,0),(9,829),(10,0),(11,0),(12,0),(13,0),(14,0),(15,0),(16,0),(17,150),
Found Platform
Platform Name: Xilinx
INFO: Reading /home/hanwen/FPGA25_SAT_Accel/src/bin/workload-hw.xclbin
Loading: '/home/hanwen/FPGA25_SAT_Accel/src/bin/workload-hw.xclbin'
Trying to program device[0]: xilinx_vck5000_gen4x8_qdma_base_2
Device[0]: program successful!



TRIP COUNT FOR LEARNING (iteration/mergecount): 1327 26623
TRIP COUNT FOR MINIMIZE (iteration/mergecount/simplified): 5178 29274 86
STATS FOR LONGEST CLAUSE (longest clause/longest simplified): 103 65
AVERAGE LATENCY FOR BCP CHECK VAR: 17056 17.4474
ZEROING OVEHREAD: 9687
CLEAR STREAM OVERHEAD: 2442
ACCESS LIT STORE STATS: 17024 15761 62335 58018
STATS (TOTAL, DECISION, RETRY, BACKTRACK, RST): 794 501 146 147 1
STATS FOR CLAUSE LBD SCORE: (2) 2 (3) 5 (4) 11 (5) 8 (6) 14 (7) 14 (8) 13 (9) 13 (10) 8 (11) 59 
STATS FOR CLAUSE REMOVAL LBD SCORE: (2) 0 (3) 0 (4) 0 (5) 0 (6) 0 (7) 0 (8) 0 (9) 0 (10) 0 (11) 10 
CYCLE COUNTERS (COPY, PQ-FIND, BRANCH, LEARN, LEARN_MIN, SAVE, RESIZE, BACKTRACK, DELETE): 11,665 31,958 297,583 92,766 172,229 10,062 2,506 0 2,259
Kernel execution time: 0 (min) 0 (s) 3 (ms) 54 (us) RAW: 3054426
=== 9_6_4 run 4/5 ===
/home/hanwen/FPGA25_SAT_Accel/src/bin/test.real.out /home/hanwen/FPGA25_SAT_Accel/src/bin/workload-hw.xclbin /home/hanwen/FPGA25_SAT_Accel/src/configuration.json /home/hanwen/FPGA25_SAT_Accel/SAT_test_cases/sat/9_6_4.txt /home/hanwen/FPGA25_SAT_Accel/benchmark/results/paper_suite/9_6_4.csv 1 
INPUT CHECK: ABSOLUTE LITERALS: 9/1275 PRESOLVED COUNT: 45/11537 NUMBER OF ELEMENTS: 75072 74324
DISTRIBUTION OF MEMORY: 
(0,12),(1,0),(2,0),(3,240),(4,18),(5,18),(6,0),(7,0),(8,828),(9,0),(10,0),(11,0),(12,0),(13,0),(14,0),(15,0),(16,0),(17,159),
(0,0),(1,1),(2,240),(3,43),(4,2),(5,6),(6,0),(7,4),(8,0),(9,829),(10,0),(11,0),(12,0),(13,0),(14,0),(15,0),(16,0),(17,150),
Found Platform
Platform Name: Xilinx
INFO: Reading /home/hanwen/FPGA25_SAT_Accel/src/bin/workload-hw.xclbin
Loading: '/home/hanwen/FPGA25_SAT_Accel/src/bin/workload-hw.xclbin'
Trying to program device[0]: xilinx_vck5000_gen4x8_qdma_base_2
Device[0]: program successful!



TRIP COUNT FOR LEARNING (iteration/mergecount): 1327 26623
TRIP COUNT FOR MINIMIZE (iteration/mergecount/simplified): 5178 29274 86
STATS FOR LONGEST CLAUSE (longest clause/longest simplified): 103 65
AVERAGE LATENCY FOR BCP CHECK VAR: 17056 17.4474
ZEROING OVEHREAD: 9687
CLEAR STREAM OVERHEAD: 2442
ACCESS LIT STORE STATS: 17024 15761 62335 58018
STATS (TOTAL, DECISION, RETRY, BACKTRACK, RST): 794 501 146 147 1
STATS FOR CLAUSE LBD SCORE: (2) 2 (3) 5 (4) 11 (5) 8 (6) 14 (7) 14 (8) 13 (9) 13 (10) 8 (11) 59 
STATS FOR CLAUSE REMOVAL LBD SCORE: (2) 0 (3) 0 (4) 0 (5) 0 (6) 0 (7) 0 (8) 0 (9) 0 (10) 0 (11) 10 
CYCLE COUNTERS (COPY, PQ-FIND, BRANCH, LEARN, LEARN_MIN, SAVE, RESIZE, BACKTRACK, DELETE): 12,306 31,958 297,583 92,766 172,229 10,062 2,506 0 2,259
Kernel execution time: 0 (min) 0 (s) 3 (ms) 3 (us) RAW: 3003385
=== 9_6_4 run 5/5 ===
/home/hanwen/FPGA25_SAT_Accel/src/bin/test.real.out /home/hanwen/FPGA25_SAT_Accel/src/bin/workload-hw.xclbin /home/hanwen/FPGA25_SAT_Accel/src/configuration.json /home/hanwen/FPGA25_SAT_Accel/SAT_test_cases/sat/9_6_4.txt /home/hanwen/FPGA25_SAT_Accel/benchmark/results/paper_suite/9_6_4.csv 1 
INPUT CHECK: ABSOLUTE LITERALS: 9/1275 PRESOLVED COUNT: 45/11537 NUMBER OF ELEMENTS: 75072 74324
DISTRIBUTION OF MEMORY: 
(0,12),(1,0),(2,0),(3,240),(4,18),(5,18),(6,0),(7,0),(8,828),(9,0),(10,0),(11,0),(12,0),(13,0),(14,0),(15,0),(16,0),(17,159),
(0,0),(1,1),(2,240),(3,43),(4,2),(5,6),(6,0),(7,4),(8,0),(9,829),(10,0),(11,0),(12,0),(13,0),(14,0),(15,0),(16,0),(17,150),
Found Platform
Platform Name: Xilinx
INFO: Reading /home/hanwen/FPGA25_SAT_Accel/src/bin/workload-hw.xclbin
Loading: '/home/hanwen/FPGA25_SAT_Accel/src/bin/workload-hw.xclbin'
Trying to program device[0]: xilinx_vck5000_gen4x8_qdma_base_2
Device[0]: program successful!



TRIP COUNT FOR LEARNING (iteration/mergecount): 1327 26623
TRIP COUNT FOR MINIMIZE (iteration/mergecount/simplified): 5178 29274 86
STATS FOR LONGEST CLAUSE (longest clause/longest simplified): 103 65
AVERAGE LATENCY FOR BCP CHECK VAR: 17056 17.466
ZEROING OVEHREAD: 9687
CLEAR STREAM OVERHEAD: 2442
ACCESS LIT STORE STATS: 17024 15761 62335 58018
STATS (TOTAL, DECISION, RETRY, BACKTRACK, RST): 794 501 146 147 1
STATS FOR CLAUSE LBD SCORE: (2) 2 (3) 5 (4) 11 (5) 8 (6) 14 (7) 14 (8) 13 (9) 13 (10) 8 (11) 59 
STATS FOR CLAUSE REMOVAL LBD SCORE: (2) 0 (3) 0 (4) 0 (5) 0 (6) 0 (7) 0 (8) 0 (9) 0 (10) 0 (11) 10 
CYCLE COUNTERS (COPY, PQ-FIND, BRANCH, LEARN, LEARN_MIN, SAVE, RESIZE, BACKTRACK, DELETE): 13,052 31,958 297,900 92,766 172,229 10,062 2,506 0 2,259
Kernel execution time: 0 (min) 0 (s) 3 (ms) 32 (us) RAW: 3032526
