=== aim-200-3_4-yes1-4 run 1/5 ===
/home/hanwen/FPGA25_SAT_Accel/src/bin/test.real.out /home/hanwen/FPGA25_SAT_Accel/src/bin/workload-hw.xclbin /home/hanwen/FPGA25_SAT_Accel/src/configuration.json /home/hanwen/FPGA25_SAT_Accel/SAT_test_cases/satlib/aim-200-3_4-yes1-4.cnf /home/hanwen/FPGA25_SAT_Accel/benchmark/results/paper_suite/aim-200-3_4-yes1-4.csv 1 
INPUT CHECK: ABSOLUTE LITERALS: 0/200 PRESOLVED COUNT: 0/680 NUMBER OF ELEMENTS: 6400 2720
DISTRIBUTION OF MEMORY: 
(0,0),(1,0),(2,0),(3,0),(4,2),(5,179),(6,18),(7,1),(8,0),(9,0),(10,0),(11,0),(12,0),(13,0),(14,0),(15,0),(16,0),(17,0),
(0,0),(1,0),(2,0),(3,0),(4,0),(5,180),(6,20),(7,0),(8,0),(9,0),(10,0),(11,0),(12,0),(13,0),(14,0),(15,0),(16,0),(17,0),
Found Platform
Platform Name: Xilinx
INFO: Reading /home/hanwen/FPGA25_SAT_Accel/src/bin/workload-hw.xclbin
Loading: '/home/hanwen/FPGA25_SAT_Accel/src/bin/workload-hw.xclbin'
Trying to program device[0]: xilinx_vck5000_gen4x8_qdma_base_2
Device[0]: program successful!



TRIP COUNT FOR LEARNING (iteration/mergecount): 996 11844
TRIP COUNT FOR MINIMIZE (iteration/mergecount/simplified): 748 2427 19
STATS FOR LONGEST CLAUSE (longest clause/longest simplified): 21 17
AVERAGE LATENCY FOR BCP CHECK VAR: 3453 17.5699
ZEROING OVEHREAD: 477
CLEAR STREAM OVERHEAD: 573
ACCESS LIT STORE STATS: 3453 3253 3677 3502
STATS (TOTAL, DECISION, RETRY, BACKTRACK, RST): 490 283 99 108 1
STATS FOR CLAUSE LBD SCORE: (2) 30 (3) 28 (4) 9 (5) 12 (6) 6 (7) 5 (8) 6 (9) 2 (10) 0 (11) 2 
STATS FOR CLAUSE REMOVAL LBD SCORE: (2) 0 (3) 0 (4) 0 (5) 0 (6) 0 (7) 0 (8) 5 (9) 2 (10) 0 (11) 2 
CYCLE COUNTERS (COPY, PQ-FIND, BRANCH, LEARN, LEARN_MIN, SAVE, RESIZE, BACKTRACK, DELETE): 809 6,476 60,669 56,473 22,438 4,550 1,026 0 1,018
Kernel execution time: 0 (min) 0 (s) 0 (ms) 836 (us) RAW: 836787
=== aim-200-3_4-yes1-4 run 2/5 ===
/home/hanwen/FPGA25_SAT_Accel/src/bin/test.real.out /home/hanwen/FPGA25_SAT_Accel/src/bin/workload-hw.xclbin /home/hanwen/FPGA25_SAT_Accel/src/configuration.json /home/hanwen/FPGA25_SAT_Accel/SAT_test_cases/satlib/aim-200-3_4-yes1-4.cnf /home/hanwen/FPGA25_SAT_Accel/benchmark/results/paper_suite/aim-200-3_4-yes1-4.csv 1 
INPUT CHECK: ABSOLUTE LITERALS: 0/200 PRESOLVED COUNT: 0/680 NUMBER OF ELEMENTS: 6400 2720
DISTRIBUTION OF MEMORY: 
(0,0),(1,0),(2,0),(3,0),(4,2),(5,179),(6,18),(7,1),(8,0),(9,0),(10,0),(11,0),(12,0),(13,0),(14,0),(15,0),(16,0),(17,0),
(0,0),(1,0),(2,0),(3,0),(4,0),(5,180),(6,20),(7,0),(8,0),(9,0),(10,0),(11,0),(12,0),(13,0),(14,0),(15,0),(16,0),(17,0),
Found Platform
Platform Name: Xilinx
INFO: Reading /home/hanwen/FPGA25_SAT_Accel/src/bin/workload-hw.xclbin
Loading: '/home/hanwen/FPGA25_SAT_Accel/src/bin/workload-hw.xclbin'
Trying to program device[0]: xilinx_vck5000_gen4x8_qdma_base_2
Device[0]: program successful!



TRIP COUNT FOR LEARNING (iteration/mergecount): 996 11844
TRIP COUNT FOR MINIMIZE (iteration/mergecount/simplified): 748 2427 19
STATS FOR LONGEST CLAUSE (longest clause/longest simplified): 21 17
AVERAGE LATENCY FOR BCP CHECK VAR: 3453 17.5699
ZEROING OVEHREAD: 477
CLEAR STREAM OVERHEAD: 573
ACCESS LIT STORE STATS: 3453 3253 3677 3502
STATS (TOTAL, DECISION, RETRY, BACKTRACK, RST): 490 283 99 108 1
STATS FOR CLAUSE LBD SCORE: (2) 30 (3) 28 (4) 9 (5) 12 (6) 6 (7) 5 (8) 6 (9) 2 (10) 0 (11) 2 
STATS FOR CLAUSE REMOVAL LBD SCORE: (2) 0 (3) 0 (4) 0 (5) 0 (6) 0 (7) 0 (8) 5 (9) 2 (10) 0 (11) 2 
CYCLE COUNTERS (COPY, PQ-FIND, BRANCH, LEARN, LEARN_MIN, SAVE, RESIZE, BACKTRACK, DELETE): 802 6,476 60,669 56,473 22,438 4,550 1,026 0 1,018
Kernel execution time: 0 (min) 0 (s) 0 (ms) 842 (us) RAW: 842318
=== aim-200-3_4-yes1-4 run 3/5 ===
/home/hanwen/FPGA25_SAT_Accel/src/bin/test.real.out /home/hanwen/FPGA25_SAT_Accel/src/bin/workload-hw.xclbin /home/hanwen/FPGA25_SAT_Accel/src/configuration.json /home/hanwen/FPGA25_SAT_Accel/SAT_test_cases/satlib/aim-200-3_4-yes1-4.cnf /home/hanwen/FPGA25_SAT_Accel/benchmark/results/paper_suite/aim-200-3_4-yes1-4.csv 1 
INPUT CHECK: ABSOLUTE LITERALS: 0/200 PRESOLVED COUNT: 0/680 NUMBER OF ELEMENTS: 6400 2720
DISTRIBUTION OF MEMORY: 
(0,0),(1,0),(2,0),(3,0),(4,2),(5,179),(6,18),(7,1),(8,0),(9,0),(10,0),(11,0),(12,0),(13,0),(14,0),(15,0),(16,0),(17,0),
(0,0),(1,0),(2,0),(3,0),(4,0),(5,180),(6,20),(7,0),(8,0),(9,0),(10,0),(11,0),(12,0),(13,0),(14,0),(15,0),(16,0),(17,0),
Found Platform
Platform Name: Xilinx
INFO: Reading /home/hanwen/FPGA25_SAT_Accel/src/bin/workload-hw.xclbin
Loading: '/home/hanwen/FPGA25_SAT_Accel/src/bin/workload-hw.xclbin'
Trying to program device[0]: xilinx_vck5000_gen4x8_qdma_base_2
Device[0]: program successful!



TRIP COUNT FOR LEARNING (iteration/mergecount): 996 11844
TRIP COUNT FOR MINIMIZE (iteration/mergecount/simplified): 748 2427 19
STATS FOR LONGEST CLAUSE (longest clause/longest simplified): 21 17
AVERAGE LATENCY FOR BCP CHECK VAR: 3453 17.5699
ZEROING OVEHREAD: 477
CLEAR STREAM OVERHEAD: 573
ACCESS LIT STORE STATS: 3453 3253 3677 3502
STATS (TOTAL, DECISION, RETRY, BACKTRACK, RST): 490 283 99 108 1
STATS FOR CLAUSE LBD SCORE: (2) 30 (3) 28 (4) 9 (5) 12 (6) 6 (7) 5 (8) 6 (9) 2 (10) 0 (11) 2 
STATS FOR CLAUSE REMOVAL LBD SCORE: (2) 0 (3) 0 (4) 0 (5) 0 (6) 0 (7) 0 (8) 5 (9) 2 (10) 0 (11) 2 
CYCLE COUNTERS (COPY, PQ-FIND, BRANCH, LEARN, LEARN_MIN, SAVE, RESIZE, BACKTRACK, DELETE): 809 6,476 60,669 56,473 22,438 4,550 1,026 0 1,018
Kernel execution time: 0 (min) 0 (s) 0 (ms) 873 (us) RAW: 873448
=== aim-200-3_4-yes1-4 run 4/5 ===
/home/hanwen/FPGA25_SAT_Accel/src/bin/test.real.out /home/hanwen/FPGA25_SAT_Accel/src/bin/workload-hw.xclbin /home/hanwen/FPGA25_SAT_Accel/src/configuration.json /home/hanwen/FPGA25_SAT_Accel/SAT_test_cases/satlib/aim-200-3_4-yes1-4.cnf /home/hanwen/FPGA25_SAT_Accel/benchmark/results/paper_suite/aim-200-3_4-yes1-4.csv 1 
INPUT CHECK: ABSOLUTE LITERALS: 0/200 PRESOLVED COUNT: 0/680 NUMBER OF ELEMENTS: 6400 2720
DISTRIBUTION OF MEMORY: 
(0,0),(1,0),(2,0),(3,0),(4,2),(5,179),(6,18),(7,1),(8,0),(9,0),(10,0),(11,0),(12,0),(13,0),(14,0),(15,0),(16,0),(17,0),
(0,0),(1,0),(2,0),(3,0),(4,0),(5,180),(6,20),(7,0),(8,0),(9,0),(10,0),(11,0),(12,0),(13,0),(14,0),(15,0),(16,0),(17,0),
Found Platform
Platform Name: Xilinx
INFO: Reading /home/hanwen/FPGA25_SAT_Accel/src/bin/workload-hw.xclbin
Loading: '/home/hanwen/FPGA25_SAT_Accel/src/bin/workload-hw.xclbin'
Trying to program device[0]: xilinx_vck5000_gen4x8_qdma_base_2
Device[0]: program successful!



TRIP COUNT FOR LEARNING (iteration/mergecount): 996 11844
TRIP COUNT FOR MINIMIZE (iteration/mergecount/simplified): 748 2427 19
STATS FOR LONGEST CLAUSE (longest clause/longest simplified): 21 17
AVERAGE LATENCY FOR BCP CHECK VAR: 3453 17.5699
ZEROING OVEHREAD: 477
CLEAR STREAM OVERHEAD: 573
ACCESS LIT STORE STATS: 3453 3253 3677 3502
STATS (TOTAL, DECISION, RETRY, BACKTRACK, RST): 490 283 99 108 1
STATS FOR CLAUSE LBD SCORE: (2) 30 (3) 28 (4) 9 (5) 12 (6) 6 (7) 5 (8) 6 (9) 2 (10) 0 (11) 2 
STATS FOR CLAUSE REMOVAL LBD SCORE: (2) 0 (3) 0 (4) 0 (5) 0 (6) 0 (7) 0 (8) 5 (9) 2 (10) 0 (11) 2 
CYCLE COUNTERS (COPY, PQ-FIND, BRANCH, LEARN, LEARN_MIN, SAVE, RESIZE, BACKTRACK, DELETE): 784 6,476 60,669 56,473 22,438 4,550 1,026 0 1,041
Kernel execution time: 0 (min) 0 (s) 0 (ms) 890 (us) RAW: 890568
=== aim-200-3_4-yes1-4 run 5/5 ===
/home/hanwen/FPGA25_SAT_Accel/src/bin/test.real.out /home/hanwen/FPGA25_SAT_Accel/src/bin/workload-hw.xclbin /home/hanwen/FPGA25_SAT_Accel/src/configuration.json /home/hanwen/FPGA25_SAT_Accel/SAT_test_cases/satlib/aim-200-3_4-yes1-4.cnf /home/hanwen/FPGA25_SAT_Accel/benchmark/results/paper_suite/aim-200-3_4-yes1-4.csv 1 
INPUT CHECK: ABSOLUTE LITERALS: 0/200 PRESOLVED COUNT: 0/680 NUMBER OF ELEMENTS: 6400 2720
DISTRIBUTION OF MEMORY: 
(0,0),(1,0),(2,0),(3,0),(4,2),(5,179),(6,18),(7,1),(8,0),(9,0),(10,0),(11,0),(12,0),(13,0),(14,0),(15,0),(16,0),(17,0),
(0,0),(1,0),(2,0),(3,0),(4,0),(5,180),(6,20),(7,0),(8,0),(9,0),(10,0),(11,0),(12,0),(13,0),(14,0),(15,0),(16,0),(17,0),
Found Platform
Platform Name: Xilinx
INFO: Reading /home/hanwen/FPGA25_SAT_Accel/src/bin/workload-hw.xclbin
Loading: '/home/hanwen/FPGA25_SAT_Accel/src/bin/workload-hw.xclbin'
Trying to program device[0]: xilinx_vck5000_gen4x8_qdma_base_2
Device[0]: program successful!



TRIP COUNT FOR LEARNING (iteration/mergecount): 996 11844
TRIP COUNT FOR MINIMIZE (iteration/mergecount/simplified): 748 2427 19
STATS FOR LONGEST CLAUSE (longest clause/longest simplified): 21 17
AVERAGE LATENCY FOR BCP CHECK VAR: 3453 17.5699
ZEROING OVEHREAD: 477
CLEAR STREAM OVERHEAD: 573
ACCESS LIT STORE STATS: 3453 3253 3677 3502
STATS (TOTAL, DECISION, RETRY, BACKTRACK, RST): 490 283 99 108 1
STATS FOR CLAUSE LBD SCORE: (2) 30 (3) 28 (4) 9 (5) 12 (6) 6 (7) 5 (8) 6 (9) 2 (10) 0 (11) 2 
STATS FOR CLAUSE REMOVAL LBD SCORE: (2) 0 (3) 0 (4) 0 (5) 0 (6) 0 (7) 0 (8) 5 (9) 2 (10) 0 (11) 2 
CYCLE COUNTERS (COPY, PQ-FIND, BRANCH, LEARN, LEARN_MIN, SAVE, RESIZE, BACKTRACK, DELETE): 809 6,476 60,669 56,473 22,438 4,550 1,026 0 1,018
Kernel execution time: 0 (min) 0 (s) 0 (ms) 827 (us) RAW: 827197
