=== blocksworldc run 1/5 ===
/home/hanwen/FPGA25_SAT_Accel/src/bin/test.real.out /home/hanwen/FPGA25_SAT_Accel/src/bin/workload-hw.xclbin /home/hanwen/FPGA25_SAT_Accel/src/configuration.json /home/hanwen/FPGA25_SAT_Accel/SAT_test_cases/sat/blocksworldc.dimacs /home/hanwen/FPGA25_SAT_Accel/benchmark/results/paper_suite/blocksworldc.csv 1 
INPUT CHECK: ABSOLUTE LITERALS: 0/3016 PRESOLVED COUNT: 0/50457 NUMBER OF ELEMENTS: 194432 202480
DISTRIBUTION OF MEMORY: 
(0,0),(1,17),(2,332),(3,66),(4,269),(5,1983),(6,0),(7,7),(8,3),(9,0),(10,10),(11,6),(12,1),(13,13),(14,3),(15,16),(16,147),(17,143),
(0,0),(1,0),(2,0),(3,12),(4,3),(5,0),(6,6),(7,1),(8,9),(9,15),(10,4),(11,12),(12,12),(13,5),(14,18),(15,44),(16,21),(17,2854),
Found Platform
Platform Name: Xilinx
INFO: Reading /home/hanwen/FPGA25_SAT_Accel/src/bin/workload-hw.xclbin
Loading: '/home/hanwen/FPGA25_SAT_Accel/src/bin/workload-hw.xclbin'
Trying to program device[0]: xilinx_vck5000_gen4x8_qdma_base_2
Device[0]: program successful!



TRIP COUNT FOR LEARNING (iteration/mergecount): 6134 150008
TRIP COUNT FOR MINIMIZE (iteration/mergecount/simplified): 17604 46406 108
STATS FOR LONGEST CLAUSE (longest clause/longest simplified): 77 47
AVERAGE LATENCY FOR BCP CHECK VAR: 130849 13.7751
ZEROING OVEHREAD: 17346
CLEAR STREAM OVERHEAD: 15501
ACCESS LIT STORE STATS: 130849 127833 214483 209972
STATS (TOTAL, DECISION, RETRY, BACKTRACK, RST): 1077 606 232 239 2
STATS FOR CLAUSE LBD SCORE: (2) 45 (3) 45 (4) 51 (5) 34 (6) 22 (7) 13 (8) 8 (9) 8 (10) 6 (11) 2 
STATS FOR CLAUSE REMOVAL LBD SCORE: (2) 0 (3) 0 (4) 0 (5) 0 (6) 0 (7) 5 (8) 7 (9) 8 (10) 6 (11) 2 
CYCLE COUNTERS (COPY, PQ-FIND, BRANCH, LEARN, LEARN_MIN, SAVE, RESIZE, BACKTRACK, DELETE): 50,585 39,961 1,802,461 417,523 581,757 12,251 2,650 0 5,207
Kernel execution time: 0 (min) 0 (s) 13 (ms) 332 (us) RAW: 13332353
=== blocksworldc run 2/5 ===
/home/hanwen/FPGA25_SAT_Accel/src/bin/test.real.out /home/hanwen/FPGA25_SAT_Accel/src/bin/workload-hw.xclbin /home/hanwen/FPGA25_SAT_Accel/src/configuration.json /home/hanwen/FPGA25_SAT_Accel/SAT_test_cases/sat/blocksworldc.dimacs /home/hanwen/FPGA25_SAT_Accel/benchmark/results/paper_suite/blocksworldc.csv 1 
INPUT CHECK: ABSOLUTE LITERALS: 0/3016 PRESOLVED COUNT: 0/50457 NUMBER OF ELEMENTS: 194432 202480
DISTRIBUTION OF MEMORY: 
(0,0),(1,17),(2,332),(3,66),(4,269),(5,1983),(6,0),(7,7),(8,3),(9,0),(10,10),(11,6),(12,1),(13,13),(14,3),(15,16),(16,147),(17,143),
(0,0),(1,0),(2,0),(3,12),(4,3),(5,0),(6,6),(7,1),(8,9),(9,15),(10,4),(11,12),(12,12),(13,5),(14,18),(15,44),(16,21),(17,2854),
Found Platform
Platform Name: Xilinx
INFO: Reading /home/hanwen/FPGA25_SAT_Accel/src/bin/workload-hw.xclbin
Loading: '/home/hanwen/FPGA25_SAT_Accel/src/bin/workload-hw.xclbin'
Trying to program device[0]: xilinx_vck5000_gen4x8_qdma_base_2
Device[0]: program successful!



TRIP COUNT FOR LEARNING (iteration/mergecount): 6134 150008
TRIP COUNT FOR MINIMIZE (iteration/mergecount/simplified): 17604 46406 108
STATS FOR LONGEST CLAUSE (longest clause/longest simplified): 77 47
AVERAGE LATENCY FOR BCP CHECK VAR: 130849 13.7751
ZEROING OVEHREAD: 17346
CLEAR STREAM OVERHEAD: 15501
ACCESS LIT STORE STATS: 130849 127833 214483 209972
STATS (TOTAL, DECISION, RETRY, BACKTRACK, RST): 1077 606 232 239 2
STATS FOR CLAUSE LBD SCORE: (2) 45 (3) 45 (4) 51 (5) 34 (6) 22 (7) 13 (8) 8 (9) 8 (10) 6 (11) 2 
STATS FOR CLAUSE REMOVAL LBD SCORE: (2) 0 (3) 0 (4) 0 (5) 0 (6) 0 (7) 5 (8) 7 (9) 8 (10) 6 (11) 2 
CYCLE COUNTERS (COPY, PQ-FIND, BRANCH, LEARN, LEARN_MIN, SAVE, RESIZE, BACKTRACK, DELETE): 50,612 39,961 1,802,461 417,523 581,757 12,251 2,650 0 5,207
Kernel execution time: 0 (min) 0 (s) 13 (ms) 333 (us) RAW: 13333642
=== blocksworldc run 3/5 ===
/home/hanwen/FPGA25_SAT_Accel/src/bin/test.real.out /home/hanwen/FPGA25_SAT_Accel/src/bin/workload-hw.xclbin /home/hanwen/FPGA25_SAT_Accel/src/configuration.json /home/hanwen/FPGA25_SAT_Accel/SAT_test_cases/sat/blocksworldc.dimacs /home/hanwen/FPGA25_SAT_Accel/benchmark/results/paper_suite/blocksworldc.csv 1 
INPUT CHECK: ABSOLUTE LITERALS: 0/3016 PRESOLVED COUNT: 0/50457 NUMBER OF ELEMENTS: 194432 202480
DISTRIBUTION OF MEMORY: 
(0,0),(1,17),(2,332),(3,66),(4,269),(5,1983),(6,0),(7,7),(8,3),(9,0),(10,10),(11,6),(12,1),(13,13),(14,3),(15,16),(16,147),(17,143),
(0,0),(1,0),(2,0),(3,12),(4,3),(5,0),(6,6),(7,1),(8,9),(9,15),(10,4),(11,12),(12,12),(13,5),(14,18),(15,44),(16,21),(17,2854),
Found Platform
Platform Name: Xilinx
INFO: Reading /home/hanwen/FPGA25_SAT_Accel/src/bin/workload-hw.xclbin
Loading: '/home/hanwen/FPGA25_SAT_Accel/src/bin/workload-hw.xclbin'
Trying to program device[0]: xilinx_vck5000_gen4x8_qdma_base_2
Device[0]: program successful!



TRIP COUNT FOR LEARNING (iteration/mergecount): 6134 150008
TRIP COUNT FOR MINIMIZE (iteration/mergecount/simplified): 17604 46406 108
STATS FOR LONGEST CLAUSE (longest clause/longest simplified): 77 47
AVERAGE LATENCY FOR BCP CHECK VAR: 130849 13.7751
ZEROING OVEHREAD: 17346
CLEAR STREAM OVERHEAD: 15501
ACCESS LIT STORE STATS: 130849 127833 214483 209972
STATS (TOTAL, DECISION, RETRY, BACKTRACK, RST): 1077 606 232 239 2
STATS FOR CLAUSE LBD SCORE: (2) 45 (3) 45 (4) 51 (5) 34 (6) 22 (7) 13 (8) 8 (9) 8 (10) 6 (11) 2 
STATS FOR CLAUSE REMOVAL LBD SCORE: (2) 0 (3) 0 (4) 0 (5) 0 (6) 0 (7) 5 (8) 7 (9) 8 (10) 6 (11) 2 
CYCLE COUNTERS (COPY, PQ-FIND, BRANCH, LEARN, LEARN_MIN, SAVE, RESIZE, BACKTRACK, DELETE): 50,582 39,961 1,802,461 417,523 581,757 12,251 2,650 0 5,207
Kernel execution time: 0 (min) 0 (s) 13 (ms) 325 (us) RAW: 13325062
=== blocksworldc run 4/5 ===
/home/hanwen/FPGA25_SAT_Accel/src/bin/test.real.out /home/hanwen/FPGA25_SAT_Accel/src/bin/workload-hw.xclbin /home/hanwen/FPGA25_SAT_Accel/src/configuration.json /home/hanwen/FPGA25_SAT_Accel/SAT_test_cases/sat/blocksworldc.dimacs /home/hanwen/FPGA25_SAT_Accel/benchmark/results/paper_suite/blocksworldc.csv 1 
INPUT CHECK: ABSOLUTE LITERALS: 0/3016 PRESOLVED COUNT: 0/50457 NUMBER OF ELEMENTS: 194432 202480
DISTRIBUTION OF MEMORY: 
(0,0),(1,17),(2,332),(3,66),(4,269),(5,1983),(6,0),(7,7),(8,3),(9,0),(10,10),(11,6),(12,1),(13,13),(14,3),(15,16),(16,147),(17,143),
(0,0),(1,0),(2,0),(3,12),(4,3),(5,0),(6,6),(7,1),(8,9),(9,15),(10,4),(11,12),(12,12),(13,5),(14,18),(15,44),(16,21),(17,2854),
Found Platform
Platform Name: Xilinx
INFO: Reading /home/hanwen/FPGA25_SAT_Accel/src/bin/workload-hw.xclbin
Loading: '/home/hanwen/FPGA25_SAT_Accel/src/bin/workload-hw.xclbin'
Trying to program device[0]: xilinx_vck5000_gen4x8_qdma_base_2
Device[0]: program successful!



TRIP COUNT FOR LEARNING (iteration/mergecount): 6134 150008
TRIP COUNT FOR MINIMIZE (iteration/mergecount/simplified): 17604 46406 108
STATS FOR LONGEST CLAUSE (longest clause/longest simplified): 77 47
AVERAGE LATENCY FOR BCP CHECK VAR: 130849 13.7751
ZEROING OVEHREAD: 17346
CLEAR STREAM OVERHEAD: 15501
ACCESS LIT STORE STATS: 130849 127833 214483 209972
STATS (TOTAL, DECISION, RETRY, BACKTRACK, RST): 1077 606 232 239 2
STATS FOR CLAUSE LBD SCORE: (2) 45 (3) 45 (4) 51 (5) 34 (6) 22 (7) 13 (8) 8 (9) 8 (10) 6 (11) 2 
STATS FOR CLAUSE REMOVAL LBD SCORE: (2) 0 (3) 0 (4) 0 (5) 0 (6) 0 (7) 5 (8) 7 (9) 8 (10) 6 (11) 2 
CYCLE COUNTERS (COPY, PQ-FIND, BRANCH, LEARN, LEARN_MIN, SAVE, RESIZE, BACKTRACK, DELETE): 50,586 39,961 1,802,461 417,523 581,757 12,251 2,650 0 5,207
Kernel execution time: 0 (min) 0 (s) 13 (ms) 325 (us) RAW: 13325292
=== blocksworldc run 5/5 ===
/home/hanwen/FPGA25_SAT_Accel/src/bin/test.real.out /home/hanwen/FPGA25_SAT_Accel/src/bin/workload-hw.xclbin /home/hanwen/FPGA25_SAT_Accel/src/configuration.json /home/hanwen/FPGA25_SAT_Accel/SAT_test_cases/sat/blocksworldc.dimacs /home/hanwen/FPGA25_SAT_Accel/benchmark/results/paper_suite/blocksworldc.csv 1 
INPUT CHECK: ABSOLUTE LITERALS: 0/3016 PRESOLVED COUNT: 0/50457 NUMBER OF ELEMENTS: 194432 202480
DISTRIBUTION OF MEMORY: 
(0,0),(1,17),(2,332),(3,66),(4,269),(5,1983),(6,0),(7,7),(8,3),(9,0),(10,10),(11,6),(12,1),(13,13),(14,3),(15,16),(16,147),(17,143),
(0,0),(1,0),(2,0),(3,12),(4,3),(5,0),(6,6),(7,1),(8,9),(9,15),(10,4),(11,12),(12,12),(13,5),(14,18),(15,44),(16,21),(17,2854),
Found Platform
Platform Name: Xilinx
INFO: Reading /home/hanwen/FPGA25_SAT_Accel/src/bin/workload-hw.xclbin
Loading: '/home/hanwen/FPGA25_SAT_Accel/src/bin/workload-hw.xclbin'
Trying to program device[0]: xilinx_vck5000_gen4x8_qdma_base_2
Device[0]: program successful!



TRIP COUNT FOR LEARNING (iteration/mergecount): 6134 150008
TRIP COUNT FOR MINIMIZE (iteration/mergecount/simplified): 17604 46406 108
STATS FOR LONGEST CLAUSE (longest clause/longest simplified): 77 47
AVERAGE LATENCY FOR BCP CHECK VAR: 130849 13.7751
ZEROING OVEHREAD: 17346
CLEAR STREAM OVERHEAD: 15501
ACCESS LIT STORE STATS: 130849 127833 214483 209972
STATS (TOTAL, DECISION, RETRY, BACKTRACK, RST): 1077 606 232 239 2
STATS FOR CLAUSE LBD SCORE: (2) 45 (3) 45 (4) 51 (5) 34 (6) 22 (7) 13 (8) 8 (9) 8 (10) 6 (11) 2 
STATS FOR CLAUSE REMOVAL LBD SCORE: (2) 0 (3) 0 (4) 0 (5) 0 (6) 0 (7) 5 (8) 7 (9) 8 (10) 6 (11) 2 
CYCLE COUNTERS (COPY, PQ-FIND, BRANCH, LEARN, LEARN_MIN, SAVE, RESIZE, BACKTRACK, DELETE): 50,584 39,961 1,802,461 417,523 581,757 12,251 2,650 0 5,207
Kernel execution time: 0 (min) 0 (s) 13 (ms) 329 (us) RAW: 13329252
