=== bmc-ibm-1 run 1/5 ===
/home/hanwen/FPGA25_SAT_Accel/src/bin/test.real.out /home/hanwen/FPGA25_SAT_Accel/src/bin/workload-hw.xclbin /home/hanwen/FPGA25_SAT_Accel/src/configuration.json /home/hanwen/FPGA25_SAT_Accel/SAT_test_cases/sat/bmc-ibm-1.dimacs /home/hanwen/FPGA25_SAT_Accel/benchmark/results/paper_suite/bmc-ibm-1.csv 1 
INPUT CHECK: ABSOLUTE LITERALS: 49/9685 PRESOLVED COUNT: 1030/55870 NUMBER OF ELEMENTS: 384432 272264
DISTRIBUTION OF MEMORY: 
(0,0),(1,399),(2,2323),(3,1208),(4,1108),(5,499),(6,420),(7,387),(8,229),(9,223),(10,228),(11,347),(12,320),(13,415),(14,235),(15,106),(16,140),(17,1098),
(0,0),(1,359),(2,3348),(3,1503),(4,976),(5,671),(6,381),(7,163),(8,91),(9,153),(10,122),(11,175),(12,174),(13,103),(14,131),(15,136),(16,86),(17,1113),
Found Platform
Platform Name: Xilinx
INFO: Reading /home/hanwen/FPGA25_SAT_Accel/src/bin/workload-hw.xclbin
Loading: '/home/hanwen/FPGA25_SAT_Accel/src/bin/workload-hw.xclbin'
Trying to program device[0]: xilinx_vck5000_gen4x8_qdma_base_2
Device[0]: program successful!



TRIP COUNT FOR LEARNING (iteration/mergecount): 36349 672605
TRIP COUNT FOR MINIMIZE (iteration/mergecount/simplified): 199133 612629 916
STATS FOR LONGEST CLAUSE (longest clause/longest simplified): 170 105
AVERAGE LATENCY FOR BCP CHECK VAR: 698206 11.7118
ZEROING OVEHREAD: 570152
CLEAR STREAM OVERHEAD: 41665
ACCESS LIT STORE STATS: 698206 688521 1154706 1142969
STATS (TOTAL, DECISION, RETRY, BACKTRACK, RST): 15866 12278 1773 1815 12
STATS FOR CLAUSE LBD SCORE: (2) 304 (3) 300 (4) 246 (5) 238 (6) 151 (7) 131 (8) 105 (9) 58 (10) 44 (11) 208 
STATS FOR CLAUSE REMOVAL LBD SCORE: (2) 0 (3) 0 (4) 0 (5) 129 (6) 149 (7) 129 (8) 105 (9) 58 (10) 44 (11) 208 
CYCLE COUNTERS (COPY, PQ-FIND, BRANCH, LEARN, LEARN_MIN, SAVE, RESIZE, BACKTRACK, DELETE): 62,205 972,017 8,177,229 2,334,448 5,782,644 106,379 24,605 0 128,089
Kernel execution time: 0 (min) 0 (s) 80 (ms) 959 (us) RAW: 80959234
=== bmc-ibm-1 run 2/5 ===
/home/hanwen/FPGA25_SAT_Accel/src/bin/test.real.out /home/hanwen/FPGA25_SAT_Accel/src/bin/workload-hw.xclbin /home/hanwen/FPGA25_SAT_Accel/src/configuration.json /home/hanwen/FPGA25_SAT_Accel/SAT_test_cases/sat/bmc-ibm-1.dimacs /home/hanwen/FPGA25_SAT_Accel/benchmark/results/paper_suite/bmc-ibm-1.csv 1 
INPUT CHECK: ABSOLUTE LITERALS: 49/9685 PRESOLVED COUNT: 1030/55870 NUMBER OF ELEMENTS: 384432 272264
DISTRIBUTION OF MEMORY: 
(0,0),(1,399),(2,2323),(3,1208),(4,1108),(5,499),(6,420),(7,387),(8,229),(9,223),(10,228),(11,347),(12,320),(13,415),(14,235),(15,106),(16,140),(17,1098),
(0,0),(1,359),(2,3348),(3,1503),(4,976),(5,671),(6,381),(7,163),(8,91),(9,153),(10,122),(11,175),(12,174),(13,103),(14,131),(15,136),(16,86),(17,1113),
Found Platform
Platform Name: Xilinx
INFO: Reading /home/hanwen/FPGA25_SAT_Accel/src/bin/workload-hw.xclbin
Loading: '/home/hanwen/FPGA25_SAT_Accel/src/bin/workload-hw.xclbin'
Trying to program device[0]: xilinx_vck5000_gen4x8_qdma_base_2
Device[0]: program successful!



TRIP COUNT FOR LEARNING (iteration/mergecount): 36349 672605
TRIP COUNT FOR MINIMIZE (iteration/mergecount/simplified): 199133 612629 916
STATS FOR LONGEST CLAUSE (longest clause/longest simplified): 170 105
AVERAGE LATENCY FOR BCP CHECK VAR: 698206 11.7118
ZEROING OVEHREAD: 570152
CLEAR STREAM OVERHEAD: 41665
ACCESS LIT STORE STATS: 698206 688521 1154706 1142969
STATS (TOTAL, DECISION, RETRY, BACKTRACK, RST): 15866 12278 1773 1815 12
STATS FOR CLAUSE LBD SCORE: (2) 304 (3) 300 (4) 246 (5) 238 (6) 151 (7) 131 (8) 105 (9) 58 (10) 44 (11) 208 
STATS FOR CLAUSE REMOVAL LBD SCORE: (2) 0 (3) 0 (4) 0 (5) 129 (6) 149 (7) 129 (8) 105 (9) 58 (10) 44 (11) 208 
CYCLE COUNTERS (COPY, PQ-FIND, BRANCH, LEARN, LEARN_MIN, SAVE, RESIZE, BACKTRACK, DELETE): 62,797 972,017 8,177,229 2,334,448 5,782,644 106,379 24,605 0 128,089
Kernel execution time: 0 (min) 0 (s) 80 (ms) 951 (us) RAW: 80951545
=== bmc-ibm-1 run 3/5 ===
/home/hanwen/FPGA25_SAT_Accel/src/bin/test.real.out /home/hanwen/FPGA25_SAT_Accel/src/bin/workload-hw.xclbin /home/hanwen/FPGA25_SAT_Accel/src/configuration.json /home/hanwen/FPGA25_SAT_Accel/SAT_test_cases/sat/bmc-ibm-1.dimacs /home/hanwen/FPGA25_SAT_Accel/benchmark/results/paper_suite/bmc-ibm-1.csv 1 
INPUT CHECK: ABSOLUTE LITERALS: 49/9685 PRESOLVED COUNT: 1030/55870 NUMBER OF ELEMENTS: 384432 272264
DISTRIBUTION OF MEMORY: 
(0,0),(1,399),(2,2323),(3,1208),(4,1108),(5,499),(6,420),(7,387),(8,229),(9,223),(10,228),(11,347),(12,320),(13,415),(14,235),(15,106),(16,140),(17,1098),
(0,0),(1,359),(2,3348),(3,1503),(4,976),(5,671),(6,381),(7,163),(8,91),(9,153),(10,122),(11,175),(12,174),(13,103),(14,131),(15,136),(16,86),(17,1113),
Found Platform
Platform Name: Xilinx
INFO: Reading /home/hanwen/FPGA25_SAT_Accel/src/bin/workload-hw.xclbin
Loading: '/home/hanwen/FPGA25_SAT_Accel/src/bin/workload-hw.xclbin'
Trying to program device[0]: xilinx_vck5000_gen4x8_qdma_base_2
Device[0]: program successful!



TRIP COUNT FOR LEARNING (iteration/mergecount): 36349 672605
TRIP COUNT FOR MINIMIZE (iteration/mergecount/simplified): 199133 612629 916
STATS FOR LONGEST CLAUSE (longest clause/longest simplified): 170 105
AVERAGE LATENCY FOR BCP CHECK VAR: 698206 11.7118
ZEROING OVEHREAD: 570152
CLEAR STREAM OVERHEAD: 41665
ACCESS LIT STORE STATS: 698206 688521 1154706 1142969
STATS (TOTAL, DECISION, RETRY, BACKTRACK, RST): 15866 12278 1773 1815 12
STATS FOR CLAUSE LBD SCORE: (2) 304 (3) 300 (4) 246 (5) 238 (6) 151 (7) 131 (8) 105 (9) 58 (10) 44 (11) 208 
STATS FOR CLAUSE REMOVAL LBD SCORE: (2) 0 (3) 0 (4) 0 (5) 129 (6) 149 (7) 129 (8) 105 (9) 58 (10) 44 (11) 208 
CYCLE COUNTERS (COPY, PQ-FIND, BRANCH, LEARN, LEARN_MIN, SAVE, RESIZE, BACKTRACK, DELETE): 63,942 972,017 8,177,229 2,334,448 5,782,644 106,379 24,605 0 128,185
Kernel execution time: 0 (min) 0 (s) 80 (ms) 983 (us) RAW: 80983655
=== bmc-ibm-1 run 4/5 ===
/home/hanwen/FPGA25_SAT_Accel/src/bin/test.real.out /home/hanwen/FPGA25_SAT_Accel/src/bin/workload-hw.xclbin /home/hanwen/FPGA25_SAT_Accel/src/configuration.json /home/hanwen/FPGA25_SAT_Accel/SAT_test_cases/sat/bmc-ibm-1.dimacs /home/hanwen/FPGA25_SAT_Accel/benchmark/results/paper_suite/bmc-ibm-1.csv 1 
INPUT CHECK: ABSOLUTE LITERALS: 49/9685 PRESOLVED COUNT: 1030/55870 NUMBER OF ELEMENTS: 384432 272264
DISTRIBUTION OF MEMORY: 
(0,0),(1,399),(2,2323),(3,1208),(4,1108),(5,499),(6,420),(7,387),(8,229),(9,223),(10,228),(11,347),(12,320),(13,415),(14,235),(15,106),(16,140),(17,1098),
(0,0),(1,359),(2,3348),(3,1503),(4,976),(5,671),(6,381),(7,163),(8,91),(9,153),(10,122),(11,175),(12,174),(13,103),(14,131),(15,136),(16,86),(17,1113),
Found Platform
Platform Name: Xilinx
INFO: Reading /home/hanwen/FPGA25_SAT_Accel/src/bin/workload-hw.xclbin
Loading: '/home/hanwen/FPGA25_SAT_Accel/src/bin/workload-hw.xclbin'
Trying to program device[0]: xilinx_vck5000_gen4x8_qdma_base_2
Device[0]: program successful!



TRIP COUNT FOR LEARNING (iteration/mergecount): 36349 672605
TRIP COUNT FOR MINIMIZE (iteration/mergecount/simplified): 199133 612629 916
STATS FOR LONGEST CLAUSE (longest clause/longest simplified): 170 105
AVERAGE LATENCY FOR BCP CHECK VAR: 698206 11.7118
ZEROING OVEHREAD: 570152
CLEAR STREAM OVERHEAD: 41665
ACCESS LIT STORE STATS: 698206 688521 1154706 1142969
STATS (TOTAL, DECISION, RETRY, BACKTRACK, RST): 15866 12278 1773 1815 12
STATS FOR CLAUSE LBD SCORE: (2) 304 (3) 300 (4) 246 (5) 238 (6) 151 (7) 131 (8) 105 (9) 58 (10) 44 (11) 208 
STATS FOR CLAUSE REMOVAL LBD SCORE: (2) 0 (3) 0 (4) 0 (5) 129 (6) 149 (7) 129 (8) 105 (9) 58 (10) 44 (11) 208 
CYCLE COUNTERS (COPY, PQ-FIND, BRANCH, LEARN, LEARN_MIN, SAVE, RESIZE, BACKTRACK, DELETE): 55,999 972,017 8,177,229 2,334,448 5,782,644 106,379 24,605 0 128,112
Kernel execution time: 0 (min) 0 (s) 81 (ms) 522 (us) RAW: 81522373
=== bmc-ibm-1 run 5/5 ===
/home/hanwen/FPGA25_SAT_Accel/src/bin/test.real.out /home/hanwen/FPGA25_SAT_Accel/src/bin/workload-hw.xclbin /home/hanwen/FPGA25_SAT_Accel/src/configuration.json /home/hanwen/FPGA25_SAT_Accel/SAT_test_cases/sat/bmc-ibm-1.dimacs /home/hanwen/FPGA25_SAT_Accel/benchmark/results/paper_suite/bmc-ibm-1.csv 1 
INPUT CHECK: ABSOLUTE LITERALS: 49/9685 PRESOLVED COUNT: 1030/55870 NUMBER OF ELEMENTS: 384432 272264
DISTRIBUTION OF MEMORY: 
(0,0),(1,399),(2,2323),(3,1208),(4,1108),(5,499),(6,420),(7,387),(8,229),(9,223),(10,228),(11,347),(12,320),(13,415),(14,235),(15,106),(16,140),(17,1098),
(0,0),(1,359),(2,3348),(3,1503),(4,976),(5,671),(6,381),(7,163),(8,91),(9,153),(10,122),(11,175),(12,174),(13,103),(14,131),(15,136),(16,86),(17,1113),
Found Platform
Platform Name: Xilinx
INFO: Reading /home/hanwen/FPGA25_SAT_Accel/src/bin/workload-hw.xclbin
Loading: '/home/hanwen/FPGA25_SAT_Accel/src/bin/workload-hw.xclbin'
Trying to program device[0]: xilinx_vck5000_gen4x8_qdma_base_2
Device[0]: program successful!



TRIP COUNT FOR LEARNING (iteration/mergecount): 36349 672605
TRIP COUNT FOR MINIMIZE (iteration/mergecount/simplified): 199133 612629 916
STATS FOR LONGEST CLAUSE (longest clause/longest simplified): 170 105
AVERAGE LATENCY FOR BCP CHECK VAR: 698206 11.7118
ZEROING OVEHREAD: 570152
CLEAR STREAM OVERHEAD: 41665
ACCESS LIT STORE STATS: 698206 688521 1154706 1142969
STATS (TOTAL, DECISION, RETRY, BACKTRACK, RST): 15866 12278 1773 1815 12
STATS FOR CLAUSE LBD SCORE: (2) 304 (3) 300 (4) 246 (5) 238 (6) 151 (7) 131 (8) 105 (9) 58 (10) 44 (11) 208 
STATS FOR CLAUSE REMOVAL LBD SCORE: (2) 0 (3) 0 (4) 0 (5) 129 (6) 149 (7) 129 (8) 105 (9) 58 (10) 44 (11) 208 
CYCLE COUNTERS (COPY, PQ-FIND, BRANCH, LEARN, LEARN_MIN, SAVE, RESIZE, BACKTRACK, DELETE): 63,579 972,017 8,177,229 2,334,448 5,782,644 106,379 24,605 0 128,089
Kernel execution time: 0 (min) 0 (s) 81 (ms) 4 (us) RAW: 81004336
