=== logistics-rotate-07t5.shuffled-as.sat05-1137 run 1/5 ===
/home/hanwen/FPGA25_SAT_Accel/src/bin/test.real.out /home/hanwen/FPGA25_SAT_Accel/src/bin/workload-hw.xclbin /home/hanwen/FPGA25_SAT_Accel/src/configuration.json /home/hanwen/FPGA25_SAT_Accel/SAT_test_cases/unsat/logistics-rotate-07t5.shuffled-as.sat05-1137.dimacs /home/hanwen/FPGA25_SAT_Accel/benchmark/results/paper_suite/logistics-rotate-07t5.shuffled-as.sat05-1137.csv 0 
INPUT CHECK: ABSOLUTE LITERALS: 71/2721 PRESOLVED COUNT: 422/88373 NUMBER OF ELEMENTS: 271344 354932
DISTRIBUTION OF MEMORY: 
(0,38),(1,1471),(2,106),(3,0),(4,0),(5,0),(6,15),(7,40),(8,18),(9,7),(10,20),(11,26),(12,22),(13,17),(14,24),(15,0),(16,0),(17,917),
(0,33),(1,1443),(2,132),(3,0),(4,0),(5,0),(6,13),(7,36),(8,14),(9,5),(10,22),(11,16),(12,27),(13,11),(14,24),(15,0),(16,0),(17,945),
Found Platform
Platform Name: Xilinx
INFO: Reading /home/hanwen/FPGA25_SAT_Accel/src/bin/workload-hw.xclbin
Loading: '/home/hanwen/FPGA25_SAT_Accel/src/bin/workload-hw.xclbin'
Trying to program device[0]: xilinx_vck5000_gen4x8_qdma_base_2
Device[0]: program successful!



TRIP COUNT FOR LEARNING (iteration/mergecount): 242866 5872904
TRIP COUNT FOR MINIMIZE (iteration/mergecount/simplified): 597208 3004762 13722
STATS FOR LONGEST CLAUSE (longest clause/longest simplified): 103 64
AVERAGE LATENCY FOR BCP CHECK VAR: 2930843 19.531
ZEROING OVEHREAD: 1988202
CLEAR STREAM OVERHEAD: 949522
ACCESS LIT STORE STATS: 2930772 2930595 15573945 15617162
STATS (TOTAL, DECISION, RETRY, BACKTRACK, RST): 68035 30805 18583 18647 62
STATS FOR CLAUSE LBD SCORE: (2) 457 (3) 93 (4) 267 (5) 668 (6) 911 (7) 1141 (8) 1182 (9) 1209 (10) 1137 (11) 11580 
STATS FOR CLAUSE REMOVAL LBD SCORE: (2) 0 (3) 0 (4) 0 (5) 0 (6) 0 (7) 510 (8) 690 (9) 763 (10) 739 (11) 9670 
CYCLE COUNTERS (COPY, PQ-FIND, BRANCH, LEARN, LEARN_MIN, SAVE, RESIZE, BACKTRACK, DELETE): 88,477 820,586 57,242,340 17,466,212 33,735,518 1,252,216 351,911 0 2,011,148
Kernel execution time: 0 (min) 0 (s) 516 (ms) 524 (us) RAW: 516524466
ERROR DURING CLAUSE LEARNING ALLOCATION: -4
