=== nqueens_16 run 1/5 ===
/home/hanwen/FPGA25_SAT_Accel/src/bin/test.real.out /home/hanwen/FPGA25_SAT_Accel/src/bin/workload-hw.xclbin /home/hanwen/FPGA25_SAT_Accel/src/configuration.json /home/hanwen/FPGA25_SAT_Accel/SAT_test_cases/sat/nqueens_16.dimacs /home/hanwen/FPGA25_SAT_Accel/benchmark/results/paper_suite/nqueens_16.csv 1 
INPUT CHECK: ABSOLUTE LITERALS: 0/256 PRESOLVED COUNT: 0/6336 NUMBER OF ELEMENTS: 20736 25664
DISTRIBUTION OF MEMORY: 
(0,0),(1,256),(2,0),(3,0),(4,0),(5,0),(6,0),(7,0),(8,0),(9,0),(10,0),(11,0),(12,0),(13,0),(14,0),(15,0),(16,0),(17,0),
(0,0),(1,0),(2,0),(3,0),(4,0),(5,0),(6,0),(7,0),(8,0),(9,0),(10,0),(11,0),(12,0),(13,0),(14,0),(15,0),(16,0),(17,256),
Found Platform
Platform Name: Xilinx
INFO: Reading /home/hanwen/FPGA25_SAT_Accel/src/bin/workload-hw.xclbin
Loading: '/home/hanwen/FPGA25_SAT_Accel/src/bin/workload-hw.xclbin'
Trying to program device[0]: xilinx_vck5000_gen4x8_qdma_base_2
Device[0]: program successful!



TRIP COUNT FOR LEARNING (iteration/mergecount): 33 510
TRIP COUNT FOR MINIMIZE (iteration/mergecount/simplified): 390 2672 0
STATS FOR LONGEST CLAUSE (longest clause/longest simplified): 78 0
AVERAGE LATENCY FOR BCP CHECK VAR: 344 31.7849
ZEROING OVEHREAD: 127
CLEAR STREAM OVERHEAD: 5
ACCESS LIT STORE STATS: 344 88 532 172
STATS (TOTAL, DECISION, RETRY, BACKTRACK, RST): 90 82 4 4 0
STATS FOR CLAUSE LBD SCORE: (2) 0 (3) 0 (4) 0 (5) 0 (6) 0 (7) 0 (8) 1 (9) 1 (10) 0 (11) 2 
STATS FOR CLAUSE REMOVAL LBD SCORE: (2) 0 (3) 0 (4) 0 (5) 0 (6) 0 (7) 0 (8) 0 (9) 0 (10) 0 (11) 0 
CYCLE COUNTERS (COPY, PQ-FIND, BRANCH, LEARN, LEARN_MIN, SAVE, RESIZE, BACKTRACK, DELETE): 6,465 2,060 10,934 2,166 9,152 291 32 0 0
Kernel execution time: 0 (min) 0 (s) 0 (ms) 272 (us) RAW: 272614
=== nqueens_16 run 2/5 ===
/home/hanwen/FPGA25_SAT_Accel/src/bin/test.real.out /home/hanwen/FPGA25_SAT_Accel/src/bin/workload-hw.xclbin /home/hanwen/FPGA25_SAT_Accel/src/configuration.json /home/hanwen/FPGA25_SAT_Accel/SAT_test_cases/sat/nqueens_16.dimacs /home/hanwen/FPGA25_SAT_Accel/benchmark/results/paper_suite/nqueens_16.csv 1 
INPUT CHECK: ABSOLUTE LITERALS: 0/256 PRESOLVED COUNT: 0/6336 NUMBER OF ELEMENTS: 20736 25664
DISTRIBUTION OF MEMORY: 
(0,0),(1,256),(2,0),(3,0),(4,0),(5,0),(6,0),(7,0),(8,0),(9,0),(10,0),(11,0),(12,0),(13,0),(14,0),(15,0),(16,0),(17,0),
(0,0),(1,0),(2,0),(3,0),(4,0),(5,0),(6,0),(7,0),(8,0),(9,0),(10,0),(11,0),(12,0),(13,0),(14,0),(15,0),(16,0),(17,256),
Found Platform
Platform Name: Xilinx
INFO: Reading /home/hanwen/FPGA25_SAT_Accel/src/bin/workload-hw.xclbin
Loading: '/home/hanwen/FPGA25_SAT_Accel/src/bin/workload-hw.xclbin'
Trying to program device[0]: xilinx_vck5000_gen4x8_qdma_base_2
Device[0]: program successful!



TRIP COUNT FOR LEARNING (iteration/mergecount): 33 510
TRIP COUNT FOR MINIMIZE (iteration/mergecount/simplified): 390 2672 0
STATS FOR LONGEST CLAUSE (longest clause/longest simplified): 78 0
AVERAGE LATENCY FOR BCP CHECK VAR: 344 31.7849
ZEROING OVEHREAD: 127
CLEAR STREAM OVERHEAD: 5
ACCESS LIT STORE STATS: 344 88 532 172
STATS (TOTAL, DECISION, RETRY, BACKTRACK, RST): 90 82 4 4 0
STATS FOR CLAUSE LBD SCORE: (2) 0 (3) 0 (4) 0 (5) 0 (6) 0 (7) 0 (8) 1 (9) 1 (10) 0 (11) 2 
STATS FOR CLAUSE REMOVAL LBD SCORE: (2) 0 (3) 0 (4) 0 (5) 0 (6) 0 (7) 0 (8) 0 (9) 0 (10) 0 (11) 0 
CYCLE COUNTERS (COPY, PQ-FIND, BRANCH, LEARN, LEARN_MIN, SAVE, RESIZE, BACKTRACK, DELETE): 6,537 2,060 10,934 2,166 9,152 291 32 0 0
Kernel execution time: 0 (min) 0 (s) 0 (ms) 290 (us) RAW: 290884
=== nqueens_16 run 3/5 ===
/home/hanwen/FPGA25_SAT_Accel/src/bin/test.real.out /home/hanwen/FPGA25_SAT_Accel/src/bin/workload-hw.xclbin /home/hanwen/FPGA25_SAT_Accel/src/configuration.json /home/hanwen/FPGA25_SAT_Accel/SAT_test_cases/sat/nqueens_16.dimacs /home/hanwen/FPGA25_SAT_Accel/benchmark/results/paper_suite/nqueens_16.csv 1 
INPUT CHECK: ABSOLUTE LITERALS: 0/256 PRESOLVED COUNT: 0/6336 NUMBER OF ELEMENTS: 20736 25664
DISTRIBUTION OF MEMORY: 
(0,0),(1,256),(2,0),(3,0),(4,0),(5,0),(6,0),(7,0),(8,0),(9,0),(10,0),(11,0),(12,0),(13,0),(14,0),(15,0),(16,0),(17,0),
(0,0),(1,0),(2,0),(3,0),(4,0),(5,0),(6,0),(7,0),(8,0),(9,0),(10,0),(11,0),(12,0),(13,0),(14,0),(15,0),(16,0),(17,256),
Found Platform
Platform Name: Xilinx
INFO: Reading /home/hanwen/FPGA25_SAT_Accel/src/bin/workload-hw.xclbin
Loading: '/home/hanwen/FPGA25_SAT_Accel/src/bin/workload-hw.xclbin'
Trying to program device[0]: xilinx_vck5000_gen4x8_qdma_base_2
Device[0]: program successful!



TRIP COUNT FOR LEARNING (iteration/mergecount): 33 510
TRIP COUNT FOR MINIMIZE (iteration/mergecount/simplified): 390 2672 0
STATS FOR LONGEST CLAUSE (longest clause/longest simplified): 78 0
AVERAGE LATENCY FOR BCP CHECK VAR: 344 31.7849
ZEROING OVEHREAD: 127
CLEAR STREAM OVERHEAD: 5
ACCESS LIT STORE STATS: 344 88 532 172
STATS (TOTAL, DECISION, RETRY, BACKTRACK, RST): 90 82 4 4 0
STATS FOR CLAUSE LBD SCORE: (2) 0 (3) 0 (4) 0 (5) 0 (6) 0 (7) 0 (8) 1 (9) 1 (10) 0 (11) 2 
STATS FOR CLAUSE REMOVAL LBD SCORE: (2) 0 (3) 0 (4) 0 (5) 0 (6) 0 (7) 0 (8) 0 (9) 0 (10) 0 (11) 0 
CYCLE COUNTERS (COPY, PQ-FIND, BRANCH, LEARN, LEARN_MIN, SAVE, RESIZE, BACKTRACK, DELETE): 6,465 2,060 10,934 2,166 9,152 291 32 0 0
Kernel execution time: 0 (min) 0 (s) 0 (ms) 244 (us) RAW: 244843
=== nqueens_16 run 4/5 ===
/home/hanwen/FPGA25_SAT_Accel/src/bin/test.real.out /home/hanwen/FPGA25_SAT_Accel/src/bin/workload-hw.xclbin /home/hanwen/FPGA25_SAT_Accel/src/configuration.json /home/hanwen/FPGA25_SAT_Accel/SAT_test_cases/sat/nqueens_16.dimacs /home/hanwen/FPGA25_SAT_Accel/benchmark/results/paper_suite/nqueens_16.csv 1 
INPUT CHECK: ABSOLUTE LITERALS: 0/256 PRESOLVED COUNT: 0/6336 NUMBER OF ELEMENTS: 20736 25664
DISTRIBUTION OF MEMORY: 
(0,0),(1,256),(2,0),(3,0),(4,0),(5,0),(6,0),(7,0),(8,0),(9,0),(10,0),(11,0),(12,0),(13,0),(14,0),(15,0),(16,0),(17,0),
(0,0),(1,0),(2,0),(3,0),(4,0),(5,0),(6,0),(7,0),(8,0),(9,0),(10,0),(11,0),(12,0),(13,0),(14,0),(15,0),(16,0),(17,256),
Found Platform
Platform Name: Xilinx
INFO: Reading /home/hanwen/FPGA25_SAT_Accel/src/bin/workload-hw.xclbin
Loading: '/home/hanwen/FPGA25_SAT_Accel/src/bin/workload-hw.xclbin'
Trying to program device[0]: xilinx_vck5000_gen4x8_qdma_base_2
Device[0]: program successful!



TRIP COUNT FOR LEARNING (iteration/mergecount): 33 510
TRIP COUNT FOR MINIMIZE (iteration/mergecount/simplified): 390 2672 0
STATS FOR LONGEST CLAUSE (longest clause/longest simplified): 78 0
AVERAGE LATENCY FOR BCP CHECK VAR: 344 31.7849
ZEROING OVEHREAD: 127
CLEAR STREAM OVERHEAD: 5
ACCESS LIT STORE STATS: 344 88 532 172
STATS (TOTAL, DECISION, RETRY, BACKTRACK, RST): 90 82 4 4 0
STATS FOR CLAUSE LBD SCORE: (2) 0 (3) 0 (4) 0 (5) 0 (6) 0 (7) 0 (8) 1 (9) 1 (10) 0 (11) 2 
STATS FOR CLAUSE REMOVAL LBD SCORE: (2) 0 (3) 0 (4) 0 (5) 0 (6) 0 (7) 0 (8) 0 (9) 0 (10) 0 (11) 0 
CYCLE COUNTERS (COPY, PQ-FIND, BRANCH, LEARN, LEARN_MIN, SAVE, RESIZE, BACKTRACK, DELETE): 6,465 2,060 10,934 2,166 9,152 291 32 0 0
Kernel execution time: 0 (min) 0 (s) 0 (ms) 212 (us) RAW: 212453
=== nqueens_16 run 5/5 ===
/home/hanwen/FPGA25_SAT_Accel/src/bin/test.real.out /home/hanwen/FPGA25_SAT_Accel/src/bin/workload-hw.xclbin /home/hanwen/FPGA25_SAT_Accel/src/configuration.json /home/hanwen/FPGA25_SAT_Accel/SAT_test_cases/sat/nqueens_16.dimacs /home/hanwen/FPGA25_SAT_Accel/benchmark/results/paper_suite/nqueens_16.csv 1 
INPUT CHECK: ABSOLUTE LITERALS: 0/256 PRESOLVED COUNT: 0/6336 NUMBER OF ELEMENTS: 20736 25664
DISTRIBUTION OF MEMORY: 
(0,0),(1,256),(2,0),(3,0),(4,0),(5,0),(6,0),(7,0),(8,0),(9,0),(10,0),(11,0),(12,0),(13,0),(14,0),(15,0),(16,0),(17,0),
(0,0),(1,0),(2,0),(3,0),(4,0),(5,0),(6,0),(7,0),(8,0),(9,0),(10,0),(11,0),(12,0),(13,0),(14,0),(15,0),(16,0),(17,256),
Found Platform
Platform Name: Xilinx
INFO: Reading /home/hanwen/FPGA25_SAT_Accel/src/bin/workload-hw.xclbin
Loading: '/home/hanwen/FPGA25_SAT_Accel/src/bin/workload-hw.xclbin'
Trying to program device[0]: xilinx_vck5000_gen4x8_qdma_base_2
Device[0]: program successful!



TRIP COUNT FOR LEARNING (iteration/mergecount): 33 510
TRIP COUNT FOR MINIMIZE (iteration/mergecount/simplified): 390 2672 0
STATS FOR LONGEST CLAUSE (longest clause/longest simplified): 78 0
AVERAGE LATENCY FOR BCP CHECK VAR: 344 31.7849
ZEROING OVEHREAD: 127
CLEAR STREAM OVERHEAD: 5
ACCESS LIT STORE STATS: 344 88 532 172
STATS (TOTAL, DECISION, RETRY, BACKTRACK, RST): 90 82 4 4 0
STATS FOR CLAUSE LBD SCORE: (2) 0 (3) 0 (4) 0 (5) 0 (6) 0 (7) 0 (8) 1 (9) 1 (10) 0 (11) 2 
STATS FOR CLAUSE REMOVAL LBD SCORE: (2) 0 (3) 0 (4) 0 (5) 0 (6) 0 (7) 0 (8) 0 (9) 0 (10) 0 (11) 0 
CYCLE COUNTERS (COPY, PQ-FIND, BRANCH, LEARN, LEARN_MIN, SAVE, RESIZE, BACKTRACK, DELETE): 6,465 2,060 10,934 2,166 9,152 291 32 0 0
Kernel execution time: 0 (min) 0 (s) 0 (ms) 295 (us) RAW: 295175
