=== qg6-12 run 1/5 ===
/home/hanwen/FPGA25_SAT_Accel/src/bin/test.real.out /home/hanwen/FPGA25_SAT_Accel/src/bin/workload-hw.xclbin /home/hanwen/FPGA25_SAT_Accel/src/configuration.json /home/hanwen/FPGA25_SAT_Accel/SAT_test_cases/unsat/qg6-12.dimacs /home/hanwen/FPGA25_SAT_Accel/benchmark/results/paper_suite/qg6-12.csv 0 
INPUT CHECK: ABSOLUTE LITERALS: 67/1728 PRESOLVED COUNT: 4352/69931 NUMBER OF ELEMENTS: 220608 284908
DISTRIBUTION OF MEMORY: 
(0,0),(1,0),(2,0),(3,0),(4,0),(5,0),(6,0),(7,0),(8,0),(9,0),(10,0),(11,0),(12,0),(13,0),(14,0),(15,0),(16,0),(17,1728),
(0,0),(1,0),(2,0),(3,0),(4,0),(5,0),(6,0),(7,0),(8,0),(9,0),(10,0),(11,0),(12,0),(13,0),(14,0),(15,0),(16,0),(17,1728),
Found Platform
Platform Name: Xilinx
INFO: Reading /home/hanwen/FPGA25_SAT_Accel/src/bin/workload-hw.xclbin
Loading: '/home/hanwen/FPGA25_SAT_Accel/src/bin/workload-hw.xclbin'
Trying to program device[0]: xilinx_vck5000_gen4x8_qdma_base_2
Device[0]: program successful!



TRIP COUNT FOR LEARNING (iteration/mergecount): 523964 11112973
TRIP COUNT FOR MINIMIZE (iteration/mergecount/simplified): 1338656 5922766 16882
STATS FOR LONGEST CLAUSE (longest clause/longest simplified): 155 76
AVERAGE LATENCY FOR BCP CHECK VAR: 4873175 34.459
ZEROING OVEHREAD: 2199432
CLEAR STREAM OVERHEAD: 1171353
ACCESS LIT STORE STATS: 4873175 4872145 39428779 39466424
STATS (TOTAL, DECISION, RETRY, BACKTRACK, RST): 65616 26117 19704 19795 67
STATS FOR CLAUSE LBD SCORE: (2) 207 (3) 648 (4) 1373 (5) 2096 (6) 2626 (7) 2758 (8) 2614 (9) 2112 (10) 1704 (11) 3633 
STATS FOR CLAUSE REMOVAL LBD SCORE: (2) 0 (3) 0 (4) 0 (5) 738 (6) 1707 (7) 2755 (8) 2612 (9) 2112 (10) 1704 (11) 3633 
CYCLE COUNTERS (COPY, PQ-FIND, BRANCH, LEARN, LEARN_MIN, SAVE, RESIZE, BACKTRACK, DELETE): 70,060 871,896 167,924,717 34,968,695 90,102,789 1,768,063 355,729 0 2,136,441
Kernel execution time: 0 (min) 1 (s) 347 (ms) 720 (us) RAW: 1347720462
=== qg6-12 run 2/5 ===
/home/hanwen/FPGA25_SAT_Accel/src/bin/test.real.out /home/hanwen/FPGA25_SAT_Accel/src/bin/workload-hw.xclbin /home/hanwen/FPGA25_SAT_Accel/src/configuration.json /home/hanwen/FPGA25_SAT_Accel/SAT_test_cases/unsat/qg6-12.dimacs /home/hanwen/FPGA25_SAT_Accel/benchmark/results/paper_suite/qg6-12.csv 0 
INPUT CHECK: ABSOLUTE LITERALS: 67/1728 PRESOLVED COUNT: 4352/69931 NUMBER OF ELEMENTS: 220608 284908
DISTRIBUTION OF MEMORY: 
(0,0),(1,0),(2,0),(3,0),(4,0),(5,0),(6,0),(7,0),(8,0),(9,0),(10,0),(11,0),(12,0),(13,0),(14,0),(15,0),(16,0),(17,1728),
(0,0),(1,0),(2,0),(3,0),(4,0),(5,0),(6,0),(7,0),(8,0),(9,0),(10,0),(11,0),(12,0),(13,0),(14,0),(15,0),(16,0),(17,1728),
Found Platform
Platform Name: Xilinx
INFO: Reading /home/hanwen/FPGA25_SAT_Accel/src/bin/workload-hw.xclbin
Loading: '/home/hanwen/FPGA25_SAT_Accel/src/bin/workload-hw.xclbin'
Trying to program device[0]: xilinx_vck5000_gen4x8_qdma_base_2
Device[0]: program successful!



TRIP COUNT FOR LEARNING (iteration/mergecount): 523964 11112973
TRIP COUNT FOR MINIMIZE (iteration/mergecount/simplified): 1338656 5922766 16882
STATS FOR LONGEST CLAUSE (longest clause/longest simplified): 155 76
AVERAGE LATENCY FOR BCP CHECK VAR: 4873175 34.459
ZEROING OVEHREAD: 2199432
CLEAR STREAM OVERHEAD: 1171353
ACCESS LIT STORE STATS: 4873175 4872145 39428779 39466424
STATS (TOTAL, DECISION, RETRY, BACKTRACK, RST): 65616 26117 19704 19795 67
STATS FOR CLAUSE LBD SCORE: (2) 207 (3) 648 (4) 1373 (5) 2096 (6) 2626 (7) 2758 (8) 2614 (9) 2112 (10) 1704 (11) 3633 
STATS FOR CLAUSE REMOVAL LBD SCORE: (2) 0 (3) 0 (4) 0 (5) 738 (6) 1707 (7) 2755 (8) 2612 (9) 2112 (10) 1704 (11) 3633 
CYCLE COUNTERS (COPY, PQ-FIND, BRANCH, LEARN, LEARN_MIN, SAVE, RESIZE, BACKTRACK, DELETE): 70,060 871,896 167,924,717 34,968,695 90,102,789 1,768,063 355,729 0 2,136,324
Kernel execution time: 0 (min) 1 (s) 347 (ms) 740 (us) RAW: 1347740625
=== qg6-12 run 3/5 ===
/home/hanwen/FPGA25_SAT_Accel/src/bin/test.real.out /home/hanwen/FPGA25_SAT_Accel/src/bin/workload-hw.xclbin /home/hanwen/FPGA25_SAT_Accel/src/configuration.json /home/hanwen/FPGA25_SAT_Accel/SAT_test_cases/unsat/qg6-12.dimacs /home/hanwen/FPGA25_SAT_Accel/benchmark/results/paper_suite/qg6-12.csv 0 
INPUT CHECK: ABSOLUTE LITERALS: 67/1728 PRESOLVED COUNT: 4352/69931 NUMBER OF ELEMENTS: 220608 284908
DISTRIBUTION OF MEMORY: 
(0,0),(1,0),(2,0),(3,0),(4,0),(5,0),(6,0),(7,0),(8,0),(9,0),(10,0),(11,0),(12,0),(13,0),(14,0),(15,0),(16,0),(17,1728),
(0,0),(1,0),(2,0),(3,0),(4,0),(5,0),(6,0),(7,0),(8,0),(9,0),(10,0),(11,0),(12,0),(13,0),(14,0),(15,0),(16,0),(17,1728),
Found Platform
Platform Name: Xilinx
INFO: Reading /home/hanwen/FPGA25_SAT_Accel/src/bin/workload-hw.xclbin
Loading: '/home/hanwen/FPGA25_SAT_Accel/src/bin/workload-hw.xclbin'
Trying to program device[0]: xilinx_vck5000_gen4x8_qdma_base_2
Device[0]: program successful!



TRIP COUNT FOR LEARNING (iteration/mergecount): 523964 11112973
TRIP COUNT FOR MINIMIZE (iteration/mergecount/simplified): 1338656 5922766 16882
STATS FOR LONGEST CLAUSE (longest clause/longest simplified): 155 76
AVERAGE LATENCY FOR BCP CHECK VAR: 4873175 34.459
ZEROING OVEHREAD: 2199432
CLEAR STREAM OVERHEAD: 1171353
ACCESS LIT STORE STATS: 4873175 4872145 39428779 39466424
STATS (TOTAL, DECISION, RETRY, BACKTRACK, RST): 65616 26117 19704 19795 67
STATS FOR CLAUSE LBD SCORE: (2) 207 (3) 648 (4) 1373 (5) 2096 (6) 2626 (7) 2758 (8) 2614 (9) 2112 (10) 1704 (11) 3633 
STATS FOR CLAUSE REMOVAL LBD SCORE: (2) 0 (3) 0 (4) 0 (5) 738 (6) 1707 (7) 2755 (8) 2612 (9) 2112 (10) 1704 (11) 3633 
CYCLE COUNTERS (COPY, PQ-FIND, BRANCH, LEARN, LEARN_MIN, SAVE, RESIZE, BACKTRACK, DELETE): 70,060 871,896 167,924,717 34,968,695 90,102,789 1,768,063 355,729 0 2,136,392
Kernel execution time: 0 (min) 1 (s) 347 (ms) 787 (us) RAW: 1347787785
=== qg6-12 run 4/5 ===
/home/hanwen/FPGA25_SAT_Accel/src/bin/test.real.out /home/hanwen/FPGA25_SAT_Accel/src/bin/workload-hw.xclbin /home/hanwen/FPGA25_SAT_Accel/src/configuration.json /home/hanwen/FPGA25_SAT_Accel/SAT_test_cases/unsat/qg6-12.dimacs /home/hanwen/FPGA25_SAT_Accel/benchmark/results/paper_suite/qg6-12.csv 0 
INPUT CHECK: ABSOLUTE LITERALS: 67/1728 PRESOLVED COUNT: 4352/69931 NUMBER OF ELEMENTS: 220608 284908
DISTRIBUTION OF MEMORY: 
(0,0),(1,0),(2,0),(3,0),(4,0),(5,0),(6,0),(7,0),(8,0),(9,0),(10,0),(11,0),(12,0),(13,0),(14,0),(15,0),(16,0),(17,1728),
(0,0),(1,0),(2,0),(3,0),(4,0),(5,0),(6,0),(7,0),(8,0),(9,0),(10,0),(11,0),(12,0),(13,0),(14,0),(15,0),(16,0),(17,1728),
Found Platform
Platform Name: Xilinx
INFO: Reading /home/hanwen/FPGA25_SAT_Accel/src/bin/workload-hw.xclbin
Loading: '/home/hanwen/FPGA25_SAT_Accel/src/bin/workload-hw.xclbin'
Trying to program device[0]: xilinx_vck5000_gen4x8_qdma_base_2
Device[0]: program successful!



TRIP COUNT FOR LEARNING (iteration/mergecount): 523964 11112973
TRIP COUNT FOR MINIMIZE (iteration/mergecount/simplified): 1338656 5922766 16882
STATS FOR LONGEST CLAUSE (longest clause/longest simplified): 155 76
AVERAGE LATENCY FOR BCP CHECK VAR: 4873175 34.459
ZEROING OVEHREAD: 2199432
CLEAR STREAM OVERHEAD: 1171353
ACCESS LIT STORE STATS: 4873175 4872145 39428779 39466424
STATS (TOTAL, DECISION, RETRY, BACKTRACK, RST): 65616 26117 19704 19795 67
STATS FOR CLAUSE LBD SCORE: (2) 207 (3) 648 (4) 1373 (5) 2096 (6) 2626 (7) 2758 (8) 2614 (9) 2112 (10) 1704 (11) 3633 
STATS FOR CLAUSE REMOVAL LBD SCORE: (2) 0 (3) 0 (4) 0 (5) 738 (6) 1707 (7) 2755 (8) 2612 (9) 2112 (10) 1704 (11) 3633 
CYCLE COUNTERS (COPY, PQ-FIND, BRANCH, LEARN, LEARN_MIN, SAVE, RESIZE, BACKTRACK, DELETE): 70,057 871,896 167,924,717 34,968,695 90,102,789 1,768,063 355,729 0 2,136,324
Kernel execution time: 0 (min) 1 (s) 347 (ms) 738 (us) RAW: 1347738267
=== qg6-12 run 5/5 ===
/home/hanwen/FPGA25_SAT_Accel/src/bin/test.real.out /home/hanwen/FPGA25_SAT_Accel/src/bin/workload-hw.xclbin /home/hanwen/FPGA25_SAT_Accel/src/configuration.json /home/hanwen/FPGA25_SAT_Accel/SAT_test_cases/unsat/qg6-12.dimacs /home/hanwen/FPGA25_SAT_Accel/benchmark/results/paper_suite/qg6-12.csv 0 
INPUT CHECK: ABSOLUTE LITERALS: 67/1728 PRESOLVED COUNT: 4352/69931 NUMBER OF ELEMENTS: 220608 284908
DISTRIBUTION OF MEMORY: 
(0,0),(1,0),(2,0),(3,0),(4,0),(5,0),(6,0),(7,0),(8,0),(9,0),(10,0),(11,0),(12,0),(13,0),(14,0),(15,0),(16,0),(17,1728),
(0,0),(1,0),(2,0),(3,0),(4,0),(5,0),(6,0),(7,0),(8,0),(9,0),(10,0),(11,0),(12,0),(13,0),(14,0),(15,0),(16,0),(17,1728),
Found Platform
Platform Name: Xilinx
INFO: Reading /home/hanwen/FPGA25_SAT_Accel/src/bin/workload-hw.xclbin
Loading: '/home/hanwen/FPGA25_SAT_Accel/src/bin/workload-hw.xclbin'
Trying to program device[0]: xilinx_vck5000_gen4x8_qdma_base_2
Device[0]: program successful!



TRIP COUNT FOR LEARNING (iteration/mergecount): 523964 11112973
TRIP COUNT FOR MINIMIZE (iteration/mergecount/simplified): 1338656 5922766 16882
STATS FOR LONGEST CLAUSE (longest clause/longest simplified): 155 76
AVERAGE LATENCY FOR BCP CHECK VAR: 4873175 34.459
ZEROING OVEHREAD: 2199432
CLEAR STREAM OVERHEAD: 1171353
ACCESS LIT STORE STATS: 4873175 4872145 39428779 39466424
STATS (TOTAL, DECISION, RETRY, BACKTRACK, RST): 65616 26117 19704 19795 67
STATS FOR CLAUSE LBD SCORE: (2) 207 (3) 648 (4) 1373 (5) 2096 (6) 2626 (7) 2758 (8) 2614 (9) 2112 (10) 1704 (11) 3633 
STATS FOR CLAUSE REMOVAL LBD SCORE: (2) 0 (3) 0 (4) 0 (5) 738 (6) 1707 (7) 2755 (8) 2612 (9) 2112 (10) 1704 (11) 3633 
CYCLE COUNTERS (COPY, PQ-FIND, BRANCH, LEARN, LEARN_MIN, SAVE, RESIZE, BACKTRACK, DELETE): 70,063 871,896 167,924,717 34,968,695 90,102,789 1,768,063 355,729 0 2,136,341
Kernel execution time: 0 (min) 1 (s) 347 (ms) 736 (us) RAW: 1347736938
