=== qg6-10 run 1/5 ===
/home/hanwen/FPGA25_SAT_Accel/src/bin/test.real.out /home/hanwen/FPGA25_SAT_Accel/src/bin/workload-hw.xclbin /home/hanwen/FPGA25_SAT_Accel/src/configuration.json /home/hanwen/FPGA25_SAT_Accel/SAT_test_cases/unsat/qg6-10.dimacs /home/hanwen/FPGA25_SAT_Accel/benchmark/results/paper_suite/qg6-10.csv 0 
INPUT CHECK: ABSOLUTE LITERALS: 46/1000 PRESOLVED COUNT: 2428/33466 NUMBER OF ELEMENTS: 111520 137464
DISTRIBUTION OF MEMORY: 
(0,0),(1,0),(2,0),(3,0),(4,0),(5,0),(6,0),(7,0),(8,0),(9,0),(10,0),(11,0),(12,0),(13,0),(14,0),(15,0),(16,0),(17,1000),
(0,0),(1,0),(2,0),(3,0),(4,0),(5,0),(6,0),(7,0),(8,0),(9,0),(10,0),(11,0),(12,0),(13,0),(14,0),(15,0),(16,0),(17,1000),
Found Platform
Platform Name: Xilinx
INFO: Reading /home/hanwen/FPGA25_SAT_Accel/src/bin/workload-hw.xclbin
Loading: '/home/hanwen/FPGA25_SAT_Accel/src/bin/workload-hw.xclbin'
Trying to program device[0]: xilinx_vck5000_gen4x8_qdma_base_2
Device[0]: program successful!



TRIP COUNT FOR LEARNING (iteration/mergecount): 3899 71549
TRIP COUNT FOR MINIMIZE (iteration/mergecount/simplified): 5493 25662 139
STATS FOR LONGEST CLAUSE (longest clause/longest simplified): 86 40
AVERAGE LATENCY FOR BCP CHECK VAR: 28635 22.6088
ZEROING OVEHREAD: 4906
CLEAR STREAM OVERHEAD: 8451
ACCESS LIT STORE STATS: 28635 27863 131140 128231
STATS (TOTAL, DECISION, RETRY, BACKTRACK, RST): 752 342 201 209 2
STATS FOR CLAUSE LBD SCORE: (2) 14 (3) 26 (4) 28 (5) 31 (6) 23 (7) 22 (8) 16 (9) 14 (10) 9 (11) 20 
STATS FOR CLAUSE REMOVAL LBD SCORE: (2) 0 (3) 0 (4) 0 (5) 0 (6) 0 (7) 0 (8) 0 (9) 0 (10) 8 (11) 20 
CYCLE COUNTERS (COPY, PQ-FIND, BRANCH, LEARN, LEARN_MIN, SAVE, RESIZE, BACKTRACK, DELETE): 33,595 10,125 647,404 249,263 291,988 14,531 3,245 0 3,980
Kernel execution time: 0 (min) 0 (s) 5 (ms) 835 (us) RAW: 5835158
=== qg6-10 run 2/5 ===
/home/hanwen/FPGA25_SAT_Accel/src/bin/test.real.out /home/hanwen/FPGA25_SAT_Accel/src/bin/workload-hw.xclbin /home/hanwen/FPGA25_SAT_Accel/src/configuration.json /home/hanwen/FPGA25_SAT_Accel/SAT_test_cases/unsat/qg6-10.dimacs /home/hanwen/FPGA25_SAT_Accel/benchmark/results/paper_suite/qg6-10.csv 0 
INPUT CHECK: ABSOLUTE LITERALS: 46/1000 PRESOLVED COUNT: 2428/33466 NUMBER OF ELEMENTS: 111520 137464
DISTRIBUTION OF MEMORY: 
(0,0),(1,0),(2,0),(3,0),(4,0),(5,0),(6,0),(7,0),(8,0),(9,0),(10,0),(11,0),(12,0),(13,0),(14,0),(15,0),(16,0),(17,1000),
(0,0),(1,0),(2,0),(3,0),(4,0),(5,0),(6,0),(7,0),(8,0),(9,0),(10,0),(11,0),(12,0),(13,0),(14,0),(15,0),(16,0),(17,1000),
Found Platform
Platform Name: Xilinx
INFO: Reading /home/hanwen/FPGA25_SAT_Accel/src/bin/workload-hw.xclbin
Loading: '/home/hanwen/FPGA25_SAT_Accel/src/bin/workload-hw.xclbin'
Trying to program device[0]: xilinx_vck5000_gen4x8_qdma_base_2
Device[0]: program successful!



TRIP COUNT FOR LEARNING (iteration/mergecount): 3899 71549
TRIP COUNT FOR MINIMIZE (iteration/mergecount/simplified): 5493 25662 139
STATS FOR LONGEST CLAUSE (longest clause/longest simplified): 86 40
AVERAGE LATENCY FOR BCP CHECK VAR: 28635 22.6088
ZEROING OVEHREAD: 4906
CLEAR STREAM OVERHEAD: 8451
ACCESS LIT STORE STATS: 28635 27863 131140 128231
STATS (TOTAL, DECISION, RETRY, BACKTRACK, RST): 752 342 201 209 2
STATS FOR CLAUSE LBD SCORE: (2) 14 (3) 26 (4) 28 (5) 31 (6) 23 (7) 22 (8) 16 (9) 14 (10) 9 (11) 20 
STATS FOR CLAUSE REMOVAL LBD SCORE: (2) 0 (3) 0 (4) 0 (5) 0 (6) 0 (7) 0 (8) 0 (9) 0 (10) 8 (11) 20 
CYCLE COUNTERS (COPY, PQ-FIND, BRANCH, LEARN, LEARN_MIN, SAVE, RESIZE, BACKTRACK, DELETE): 33,595 10,125 647,404 249,263 291,988 14,531 3,245 0 3,980
Kernel execution time: 0 (min) 0 (s) 5 (ms) 834 (us) RAW: 5834178
=== qg6-10 run 3/5 ===
/home/hanwen/FPGA25_SAT_Accel/src/bin/test.real.out /home/hanwen/FPGA25_SAT_Accel/src/bin/workload-hw.xclbin /home/hanwen/FPGA25_SAT_Accel/src/configuration.json /home/hanwen/FPGA25_SAT_Accel/SAT_test_cases/unsat/qg6-10.dimacs /home/hanwen/FPGA25_SAT_Accel/benchmark/results/paper_suite/qg6-10.csv 0 
INPUT CHECK: ABSOLUTE LITERALS: 46/1000 PRESOLVED COUNT: 2428/33466 NUMBER OF ELEMENTS: 111520 137464
DISTRIBUTION OF MEMORY: 
(0,0),(1,0),(2,0),(3,0),(4,0),(5,0),(6,0),(7,0),(8,0),(9,0),(10,0),(11,0),(12,0),(13,0),(14,0),(15,0),(16,0),(17,1000),
(0,0),(1,0),(2,0),(3,0),(4,0),(5,0),(6,0),(7,0),(8,0),(9,0),(10,0),(11,0),(12,0),(13,0),(14,0),(15,0),(16,0),(17,1000),
Found Platform
Platform Name: Xilinx
INFO: Reading /home/hanwen/FPGA25_SAT_Accel/src/bin/workload-hw.xclbin
Loading: '/home/hanwen/FPGA25_SAT_Accel/src/bin/workload-hw.xclbin'
Trying to program device[0]: xilinx_vck5000_gen4x8_qdma_base_2
Device[0]: program successful!



TRIP COUNT FOR LEARNING (iteration/mergecount): 3899 71549
TRIP COUNT FOR MINIMIZE (iteration/mergecount/simplified): 5493 25662 139
STATS FOR LONGEST CLAUSE (longest clause/longest simplified): 86 40
AVERAGE LATENCY FOR BCP CHECK VAR: 28635 22.6088
ZEROING OVEHREAD: 4906
CLEAR STREAM OVERHEAD: 8451
ACCESS LIT STORE STATS: 28635 27863 131140 128231
STATS (TOTAL, DECISION, RETRY, BACKTRACK, RST): 752 342 201 209 2
STATS FOR CLAUSE LBD SCORE: (2) 14 (3) 26 (4) 28 (5) 31 (6) 23 (7) 22 (8) 16 (9) 14 (10) 9 (11) 20 
STATS FOR CLAUSE REMOVAL LBD SCORE: (2) 0 (3) 0 (4) 0 (5) 0 (6) 0 (7) 0 (8) 0 (9) 0 (10) 8 (11) 20 
CYCLE COUNTERS (COPY, PQ-FIND, BRANCH, LEARN, LEARN_MIN, SAVE, RESIZE, BACKTRACK, DELETE): 33,595 10,125 647,404 249,263 291,988 14,531 3,245 0 3,980
Kernel execution time: 0 (min) 0 (s) 5 (ms) 851 (us) RAW: 5851078
=== qg6-10 run 4/5 ===
/home/hanwen/FPGA25_SAT_Accel/src/bin/test.real.out /home/hanwen/FPGA25_SAT_Accel/src/bin/workload-hw.xclbin /home/hanwen/FPGA25_SAT_Accel/src/configuration.json /home/hanwen/FPGA25_SAT_Accel/SAT_test_cases/unsat/qg6-10.dimacs /home/hanwen/FPGA25_SAT_Accel/benchmark/results/paper_suite/qg6-10.csv 0 
INPUT CHECK: ABSOLUTE LITERALS: 46/1000 PRESOLVED COUNT: 2428/33466 NUMBER OF ELEMENTS: 111520 137464
DISTRIBUTION OF MEMORY: 
(0,0),(1,0),(2,0),(3,0),(4,0),(5,0),(6,0),(7,0),(8,0),(9,0),(10,0),(11,0),(12,0),(13,0),(14,0),(15,0),(16,0),(17,1000),
(0,0),(1,0),(2,0),(3,0),(4,0),(5,0),(6,0),(7,0),(8,0),(9,0),(10,0),(11,0),(12,0),(13,0),(14,0),(15,0),(16,0),(17,1000),
Found Platform
Platform Name: Xilinx
INFO: Reading /home/hanwen/FPGA25_SAT_Accel/src/bin/workload-hw.xclbin
Loading: '/home/hanwen/FPGA25_SAT_Accel/src/bin/workload-hw.xclbin'
Trying to program device[0]: xilinx_vck5000_gen4x8_qdma_base_2
Device[0]: program successful!



TRIP COUNT FOR LEARNING (iteration/mergecount): 3899 71549
TRIP COUNT FOR MINIMIZE (iteration/mergecount/simplified): 5493 25662 139
STATS FOR LONGEST CLAUSE (longest clause/longest simplified): 86 40
AVERAGE LATENCY FOR BCP CHECK VAR: 28635 22.6088
ZEROING OVEHREAD: 4906
CLEAR STREAM OVERHEAD: 8451
ACCESS LIT STORE STATS: 28635 27863 131140 128231
STATS (TOTAL, DECISION, RETRY, BACKTRACK, RST): 752 342 201 209 2
STATS FOR CLAUSE LBD SCORE: (2) 14 (3) 26 (4) 28 (5) 31 (6) 23 (7) 22 (8) 16 (9) 14 (10) 9 (11) 20 
STATS FOR CLAUSE REMOVAL LBD SCORE: (2) 0 (3) 0 (4) 0 (5) 0 (6) 0 (7) 0 (8) 0 (9) 0 (10) 8 (11) 20 
CYCLE COUNTERS (COPY, PQ-FIND, BRANCH, LEARN, LEARN_MIN, SAVE, RESIZE, BACKTRACK, DELETE): 33,595 10,125 647,404 249,263 291,988 14,531 3,245 0 3,980
Kernel execution time: 0 (min) 0 (s) 5 (ms) 843 (us) RAW: 5843368
=== qg6-10 run 5/5 ===
/home/hanwen/FPGA25_SAT_Accel/src/bin/test.real.out /home/hanwen/FPGA25_SAT_Accel/src/bin/workload-hw.xclbin /home/hanwen/FPGA25_SAT_Accel/src/configuration.json /home/hanwen/FPGA25_SAT_Accel/SAT_test_cases/unsat/qg6-10.dimacs /home/hanwen/FPGA25_SAT_Accel/benchmark/results/paper_suite/qg6-10.csv 0 
INPUT CHECK: ABSOLUTE LITERALS: 46/1000 PRESOLVED COUNT: 2428/33466 NUMBER OF ELEMENTS: 111520 137464
DISTRIBUTION OF MEMORY: 
(0,0),(1,0),(2,0),(3,0),(4,0),(5,0),(6,0),(7,0),(8,0),(9,0),(10,0),(11,0),(12,0),(13,0),(14,0),(15,0),(16,0),(17,1000),
(0,0),(1,0),(2,0),(3,0),(4,0),(5,0),(6,0),(7,0),(8,0),(9,0),(10,0),(11,0),(12,0),(13,0),(14,0),(15,0),(16,0),(17,1000),
Found Platform
Platform Name: Xilinx
INFO: Reading /home/hanwen/FPGA25_SAT_Accel/src/bin/workload-hw.xclbin
Loading: '/home/hanwen/FPGA25_SAT_Accel/src/bin/workload-hw.xclbin'
Trying to program device[0]: xilinx_vck5000_gen4x8_qdma_base_2
Device[0]: program successful!



TRIP COUNT FOR LEARNING (iteration/mergecount): 3899 71549
TRIP COUNT FOR MINIMIZE (iteration/mergecount/simplified): 5493 25662 139
STATS FOR LONGEST CLAUSE (longest clause/longest simplified): 86 40
AVERAGE LATENCY FOR BCP CHECK VAR: 28635 22.6088
ZEROING OVEHREAD: 4906
CLEAR STREAM OVERHEAD: 8451
ACCESS LIT STORE STATS: 28635 27863 131140 128231
STATS (TOTAL, DECISION, RETRY, BACKTRACK, RST): 752 342 201 209 2
STATS FOR CLAUSE LBD SCORE: (2) 14 (3) 26 (4) 28 (5) 31 (6) 23 (7) 22 (8) 16 (9) 14 (10) 9 (11) 20 
STATS FOR CLAUSE REMOVAL LBD SCORE: (2) 0 (3) 0 (4) 0 (5) 0 (6) 0 (7) 0 (8) 0 (9) 0 (10) 8 (11) 20 
CYCLE COUNTERS (COPY, PQ-FIND, BRANCH, LEARN, LEARN_MIN, SAVE, RESIZE, BACKTRACK, DELETE): 33,595 10,125 647,404 249,263 291,988 14,531 3,245 0 4,001
Kernel execution time: 0 (min) 0 (s) 5 (ms) 827 (us) RAW: 5827618
