=== uf100-010_sat run 1/5 ===
/home/hanwen/FPGA25_SAT_Accel/src/bin/test.real.out /home/hanwen/FPGA25_SAT_Accel/src/bin/workload-hw.xclbin /home/hanwen/FPGA25_SAT_Accel/src/configuration.json /home/hanwen/FPGA25_SAT_Accel/SAT_test_cases/satlib/uf100-010_sat.cnf /home/hanwen/FPGA25_SAT_Accel/benchmark/results/paper_suite/uf100-010_sat.csv 1 
INPUT CHECK: ABSOLUTE LITERALS: 0/100 PRESOLVED COUNT: 0/430 NUMBER OF ELEMENTS: 3248 1720
DISTRIBUTION OF MEMORY: 
(0,0),(1,1),(2,1),(3,9),(4,10),(5,14),(6,15),(7,13),(8,12),(9,8),(10,4),(11,3),(12,5),(13,3),(14,2),(15,0),(16,0),(17,0),
(0,0),(1,1),(2,10),(3,5),(4,7),(5,16),(6,18),(7,15),(8,16),(9,9),(10,1),(11,1),(12,0),(13,0),(14,1),(15,0),(16,0),(17,0),
Found Platform
Platform Name: Xilinx
INFO: Reading /home/hanwen/FPGA25_SAT_Accel/src/bin/workload-hw.xclbin
Loading: '/home/hanwen/FPGA25_SAT_Accel/src/bin/workload-hw.xclbin'
Trying to program device[0]: xilinx_vck5000_gen4x8_qdma_base_2
Device[0]: program successful!



TRIP COUNT FOR LEARNING (iteration/mergecount): 2219 27730
TRIP COUNT FOR MINIMIZE (iteration/mergecount/simplified): 931 3135 101
STATS FOR LONGEST CLAUSE (longest clause/longest simplified): 18 12
AVERAGE LATENCY FOR BCP CHECK VAR: 5596 13.2773
ZEROING OVEHREAD: 779
CLEAR STREAM OVERHEAD: 1346
ACCESS LIT STORE STATS: 5596 5496 7674 7604
STATS (TOTAL, DECISION, RETRY, BACKTRACK, RST): 511 200 155 156 1
STATS FOR CLAUSE LBD SCORE: (2) 6 (3) 30 (4) 36 (5) 35 (6) 29 (7) 17 (8) 3 (9) 0 (10) 0 (11) 0 
STATS FOR CLAUSE REMOVAL LBD SCORE: (2) 0 (3) 0 (4) 0 (5) 0 (6) 0 (7) 8 (8) 2 (9) 0 (10) 0 (11) 0 
CYCLE COUNTERS (COPY, PQ-FIND, BRANCH, LEARN, LEARN_MIN, SAVE, RESIZE, BACKTRACK, DELETE): 534 5,893 74,300 125,567 30,223 7,276 1,914 0 834
Kernel execution time: 0 (min) 0 (s) 1 (ms) 260 (us) RAW: 1260661
=== uf100-010_sat run 2/5 ===
/home/hanwen/FPGA25_SAT_Accel/src/bin/test.real.out /home/hanwen/FPGA25_SAT_Accel/src/bin/workload-hw.xclbin /home/hanwen/FPGA25_SAT_Accel/src/configuration.json /home/hanwen/FPGA25_SAT_Accel/SAT_test_cases/satlib/uf100-010_sat.cnf /home/hanwen/FPGA25_SAT_Accel/benchmark/results/paper_suite/uf100-010_sat.csv 1 
INPUT CHECK: ABSOLUTE LITERALS: 0/100 PRESOLVED COUNT: 0/430 NUMBER OF ELEMENTS: 3248 1720
DISTRIBUTION OF MEMORY: 
(0,0),(1,1),(2,1),(3,9),(4,10),(5,14),(6,15),(7,13),(8,12),(9,8),(10,4),(11,3),(12,5),(13,3),(14,2),(15,0),(16,0),(17,0),
(0,0),(1,1),(2,10),(3,5),(4,7),(5,16),(6,18),(7,15),(8,16),(9,9),(10,1),(11,1),(12,0),(13,0),(14,1),(15,0),(16,0),(17,0),
Found Platform
Platform Name: Xilinx
INFO: Reading /home/hanwen/FPGA25_SAT_Accel/src/bin/workload-hw.xclbin
Loading: '/home/hanwen/FPGA25_SAT_Accel/src/bin/workload-hw.xclbin'
Trying to program device[0]: xilinx_vck5000_gen4x8_qdma_base_2
Device[0]: program successful!



TRIP COUNT FOR LEARNING (iteration/mergecount): 2219 27730
TRIP COUNT FOR MINIMIZE (iteration/mergecount/simplified): 931 3135 101
STATS FOR LONGEST CLAUSE (longest clause/longest simplified): 18 12
AVERAGE LATENCY FOR BCP CHECK VAR: 5596 13.2773
ZEROING OVEHREAD: 779
CLEAR STREAM OVERHEAD: 1346
ACCESS LIT STORE STATS: 5596 5496 7674 7604
STATS (TOTAL, DECISION, RETRY, BACKTRACK, RST): 511 200 155 156 1
STATS FOR CLAUSE LBD SCORE: (2) 6 (3) 30 (4) 36 (5) 35 (6) 29 (7) 17 (8) 3 (9) 0 (10) 0 (11) 0 
STATS FOR CLAUSE REMOVAL LBD SCORE: (2) 0 (3) 0 (4) 0 (5) 0 (6) 0 (7) 8 (8) 2 (9) 0 (10) 0 (11) 0 
CYCLE COUNTERS (COPY, PQ-FIND, BRANCH, LEARN, LEARN_MIN, SAVE, RESIZE, BACKTRACK, DELETE): 617 5,893 74,300 125,567 30,223 7,276 1,914 0 834
Kernel execution time: 0 (min) 0 (s) 1 (ms) 274 (us) RAW: 1274641
=== uf100-010_sat run 3/5 ===
/home/hanwen/FPGA25_SAT_Accel/src/bin/test.real.out /home/hanwen/FPGA25_SAT_Accel/src/bin/workload-hw.xclbin /home/hanwen/FPGA25_SAT_Accel/src/configuration.json /home/hanwen/FPGA25_SAT_Accel/SAT_test_cases/satlib/uf100-010_sat.cnf /home/hanwen/FPGA25_SAT_Accel/benchmark/results/paper_suite/uf100-010_sat.csv 1 
INPUT CHECK: ABSOLUTE LITERALS: 0/100 PRESOLVED COUNT: 0/430 NUMBER OF ELEMENTS: 3248 1720
DISTRIBUTION OF MEMORY: 
(0,0),(1,1),(2,1),(3,9),(4,10),(5,14),(6,15),(7,13),(8,12),(9,8),(10,4),(11,3),(12,5),(13,3),(14,2),(15,0),(16,0),(17,0),
(0,0),(1,1),(2,10),(3,5),(4,7),(5,16),(6,18),(7,15),(8,16),(9,9),(10,1),(11,1),(12,0),(13,0),(14,1),(15,0),(16,0),(17,0),
Found Platform
Platform Name: Xilinx
INFO: Reading /home/hanwen/FPGA25_SAT_Accel/src/bin/workload-hw.xclbin
Loading: '/home/hanwen/FPGA25_SAT_Accel/src/bin/workload-hw.xclbin'
Trying to program device[0]: xilinx_vck5000_gen4x8_qdma_base_2
Device[0]: program successful!



TRIP COUNT FOR LEARNING (iteration/mergecount): 2219 27730
TRIP COUNT FOR MINIMIZE (iteration/mergecount/simplified): 931 3135 101
STATS FOR LONGEST CLAUSE (longest clause/longest simplified): 18 12
AVERAGE LATENCY FOR BCP CHECK VAR: 5596 13.2773
ZEROING OVEHREAD: 779
CLEAR STREAM OVERHEAD: 1346
ACCESS LIT STORE STATS: 5596 5496 7674 7604
STATS (TOTAL, DECISION, RETRY, BACKTRACK, RST): 511 200 155 156 1
STATS FOR CLAUSE LBD SCORE: (2) 6 (3) 30 (4) 36 (5) 35 (6) 29 (7) 17 (8) 3 (9) 0 (10) 0 (11) 0 
STATS FOR CLAUSE REMOVAL LBD SCORE: (2) 0 (3) 0 (4) 0 (5) 0 (6) 0 (7) 8 (8) 2 (9) 0 (10) 0 (11) 0 
CYCLE COUNTERS (COPY, PQ-FIND, BRANCH, LEARN, LEARN_MIN, SAVE, RESIZE, BACKTRACK, DELETE): 543 5,893 74,300 125,567 30,223 7,276 1,914 0 834
Kernel execution time: 0 (min) 0 (s) 1 (ms) 260 (us) RAW: 1260971
=== uf100-010_sat run 4/5 ===
/home/hanwen/FPGA25_SAT_Accel/src/bin/test.real.out /home/hanwen/FPGA25_SAT_Accel/src/bin/workload-hw.xclbin /home/hanwen/FPGA25_SAT_Accel/src/configuration.json /home/hanwen/FPGA25_SAT_Accel/SAT_test_cases/satlib/uf100-010_sat.cnf /home/hanwen/FPGA25_SAT_Accel/benchmark/results/paper_suite/uf100-010_sat.csv 1 
INPUT CHECK: ABSOLUTE LITERALS: 0/100 PRESOLVED COUNT: 0/430 NUMBER OF ELEMENTS: 3248 1720
DISTRIBUTION OF MEMORY: 
(0,0),(1,1),(2,1),(3,9),(4,10),(5,14),(6,15),(7,13),(8,12),(9,8),(10,4),(11,3),(12,5),(13,3),(14,2),(15,0),(16,0),(17,0),
(0,0),(1,1),(2,10),(3,5),(4,7),(5,16),(6,18),(7,15),(8,16),(9,9),(10,1),(11,1),(12,0),(13,0),(14,1),(15,0),(16,0),(17,0),
Found Platform
Platform Name: Xilinx
INFO: Reading /home/hanwen/FPGA25_SAT_Accel/src/bin/workload-hw.xclbin
Loading: '/home/hanwen/FPGA25_SAT_Accel/src/bin/workload-hw.xclbin'
Trying to program device[0]: xilinx_vck5000_gen4x8_qdma_base_2
Device[0]: program successful!



TRIP COUNT FOR LEARNING (iteration/mergecount): 2219 27730
TRIP COUNT FOR MINIMIZE (iteration/mergecount/simplified): 931 3135 101
STATS FOR LONGEST CLAUSE (longest clause/longest simplified): 18 12
AVERAGE LATENCY FOR BCP CHECK VAR: 5596 13.2773
ZEROING OVEHREAD: 779
CLEAR STREAM OVERHEAD: 1346
ACCESS LIT STORE STATS: 5596 5496 7674 7604
STATS (TOTAL, DECISION, RETRY, BACKTRACK, RST): 511 200 155 156 1
STATS FOR CLAUSE LBD SCORE: (2) 6 (3) 30 (4) 36 (5) 35 (6) 29 (7) 17 (8) 3 (9) 0 (10) 0 (11) 0 
STATS FOR CLAUSE REMOVAL LBD SCORE: (2) 0 (3) 0 (4) 0 (5) 0 (6) 0 (7) 8 (8) 2 (9) 0 (10) 0 (11) 0 
CYCLE COUNTERS (COPY, PQ-FIND, BRANCH, LEARN, LEARN_MIN, SAVE, RESIZE, BACKTRACK, DELETE): 543 5,893 74,300 125,567 30,223 7,276 1,914 0 834
Kernel execution time: 0 (min) 0 (s) 1 (ms) 276 (us) RAW: 1276451
=== uf100-010_sat run 5/5 ===
/home/hanwen/FPGA25_SAT_Accel/src/bin/test.real.out /home/hanwen/FPGA25_SAT_Accel/src/bin/workload-hw.xclbin /home/hanwen/FPGA25_SAT_Accel/src/configuration.json /home/hanwen/FPGA25_SAT_Accel/SAT_test_cases/satlib/uf100-010_sat.cnf /home/hanwen/FPGA25_SAT_Accel/benchmark/results/paper_suite/uf100-010_sat.csv 1 
INPUT CHECK: ABSOLUTE LITERALS: 0/100 PRESOLVED COUNT: 0/430 NUMBER OF ELEMENTS: 3248 1720
DISTRIBUTION OF MEMORY: 
(0,0),(1,1),(2,1),(3,9),(4,10),(5,14),(6,15),(7,13),(8,12),(9,8),(10,4),(11,3),(12,5),(13,3),(14,2),(15,0),(16,0),(17,0),
(0,0),(1,1),(2,10),(3,5),(4,7),(5,16),(6,18),(7,15),(8,16),(9,9),(10,1),(11,1),(12,0),(13,0),(14,1),(15,0),(16,0),(17,0),
Found Platform
Platform Name: Xilinx
INFO: Reading /home/hanwen/FPGA25_SAT_Accel/src/bin/workload-hw.xclbin
Loading: '/home/hanwen/FPGA25_SAT_Accel/src/bin/workload-hw.xclbin'
Trying to program device[0]: xilinx_vck5000_gen4x8_qdma_base_2
Device[0]: program successful!



TRIP COUNT FOR LEARNING (iteration/mergecount): 2219 27730
TRIP COUNT FOR MINIMIZE (iteration/mergecount/simplified): 931 3135 101
STATS FOR LONGEST CLAUSE (longest clause/longest simplified): 18 12
AVERAGE LATENCY FOR BCP CHECK VAR: 5596 13.2773
ZEROING OVEHREAD: 779
CLEAR STREAM OVERHEAD: 1346
ACCESS LIT STORE STATS: 5596 5496 7674 7604
STATS (TOTAL, DECISION, RETRY, BACKTRACK, RST): 511 200 155 156 1
STATS FOR CLAUSE LBD SCORE: (2) 6 (3) 30 (4) 36 (5) 35 (6) 29 (7) 17 (8) 3 (9) 0 (10) 0 (11) 0 
STATS FOR CLAUSE REMOVAL LBD SCORE: (2) 0 (3) 0 (4) 0 (5) 0 (6) 0 (7) 8 (8) 2 (9) 0 (10) 0 (11) 0 
CYCLE COUNTERS (COPY, PQ-FIND, BRANCH, LEARN, LEARN_MIN, SAVE, RESIZE, BACKTRACK, DELETE): 559 5,893 74,300 125,567 30,223 7,276 1,914 0 834
Kernel execution time: 0 (min) 0 (s) 1 (ms) 263 (us) RAW: 1263631
