/home/admin/prj/FPGA25_SAT_Accel/src/bin/test.real.out /home/admin/prj/FPGA25_SAT_Accel/src/bin/workload-hw.xclbin /home/admin/prj/FPGA25_SAT_Accel/src/configuration.json /home/admin/prj/FPGA25_SAT_Accel/benchmark/quad_res_r29_m32.cnf /home/admin/prj/FPGA25_SAT_Accel/benchmark/results/quad_res_r29_m32_vck5000_metrics.csv 1
INPUT CHECK: ABSOLUTE LITERALS: 49/5740 PRESOLVED COUNT: 201/29910 NUMBER OF ELEMENTS: 194880 168280
DISTRIBUTION OF MEMORY:
(0,0),(1,1),(2,49),(3,140),(4,690),(5,680),(6,26),(7,1169),(8,16),(9,1509),(10,1396),(11,0),(12,0),(13,0),(14,0),(15,0),(16,0),(17,64),
(0,0),(1,0),(2,49),(3,95),(4,55),(5,1354),(6,31),(7,125),(8,1062),(9,1509),(10,1396),(11,0),(12,0),(13,0),(14,0),(15,0),(16,0),(17,64),
Found Platform
Platform Name: Xilinx
INFO: Reading /home/admin/prj/FPGA25_SAT_Accel/src/bin/workload-hw.xclbin
Loading: '/home/admin/prj/FPGA25_SAT_Accel/src/bin/workload-hw.xclbin'
Trying to program device[0]: xilinx_vck5000_gen4x8_qdma_base_2
Device[0]: program successful!



TRIP COUNT FOR LEARNING (iteration/mergecount): 15041 215309
TRIP COUNT FOR MINIMIZE (iteration/mergecount/simplified): 123962 384225 190
STATS FOR LONGEST CLAUSE (longest clause/longest simplified): 1026 118
AVERAGE LATENCY FOR BCP CHECK VAR: 115255 13.9816
ZEROING OVEHREAD: 119364
CLEAR STREAM OVERHEAD: 5033
ACCESS LIT STORE STATS: 115255 109582 202547 194091
STATS (TOTAL, DECISION, RETRY, BACKTRACK, RST): 3387 2286 548 553 4
STATS FOR CLAUSE LBD SCORE: (2) 51 (3) 125 (4) 67 (5) 50 (6) 53 (7) 26 (8) 22 (9) 23 (10) 12 (11) 123
STATS FOR CLAUSE REMOVAL LBD SCORE: (2) 0 (3) 0 (4) 0 (5) 0 (6) 0 (7) 0 (8) 0 (9) 2 (10) 12 (11) 95
CYCLE COUNTERS (COPY, PQ-FIND, BRANCH, LEARN, LEARN_MIN, SAVE, RESIZE, BACKTRACK, DELETE): 33,139 150,328 1,611,447 779,791 2,816,623 32,351 8,396 0 32,457
Kernel execution time: 0 (min) 0 (s) 25 (ms) 514 (us) RAW: 25514409
ERROR DURING CLAUSE LEARNING ALLOCATION: -2
Command exited with non-zero status 3
HOST_WALL_SECONDS=1.22
HOST_MAX_RSS_KB=60624
