/home/admin/prj/FPGA25_SAT_Accel/src/bin/test.real.out /home/admin/prj/FPGA25_SAT_Accel/src/bin/workload-hw.xclbin /home/admin/prj/FPGA25_SAT_Accel/benchmark/configuration_vck5000_aggressive.json /home/admin/prj/FPGA25_SAT_Accel/benchmark/rphp4_065_shuffled.cnf /home/admin/prj/FPGA25_SAT_Accel/benchmark/results/rphp4_065_vck5000_aggressive_metrics.csv 0
INPUT CHECK: ABSOLUTE LITERALS: 0/520 PRESOLVED COUNT: 0/6959 NUMBER OF ELEMENTS: 42640 53392
DISTRIBUTION OF MEMORY:
(0,0),(1,214),(2,0),(3,0),(4,168),(5,0),(6,0),(7,0),(8,0),(9,0),(10,0),(11,0),(12,0),(13,0),(14,0),(15,0),(16,0),(17,138),
(0,0),(1,241),(2,0),(3,0),(4,157),(5,0),(6,0),(7,0),(8,0),(9,0),(10,0),(11,0),(12,0),(13,0),(14,0),(15,0),(16,0),(17,122),
Found Platform
Platform Name: Xilinx
INFO: Reading /home/admin/prj/FPGA25_SAT_Accel/src/bin/workload-hw.xclbin
Loading: '/home/admin/prj/FPGA25_SAT_Accel/src/bin/workload-hw.xclbin'
Trying to program device[0]: xilinx_vck5000_gen4x8_qdma_base_2
Device[0]: program successful!



TRIP COUNT FOR LEARNING (iteration/mergecount): 563130 9251788
TRIP COUNT FOR MINIMIZE (iteration/mergecount/simplified): 1137633 17343016 45863
STATS FOR LONGEST CLAUSE (longest clause/longest simplified): 258 251
AVERAGE LATENCY FOR BCP CHECK VAR: 4542717 80.7397
ZEROING OVEHREAD: 1588986
CLEAR STREAM OVERHEAD: 211025
ACCESS LIT STORE STATS: 4542717 4542454 50463175 50640405
STATS (TOTAL, DECISION, RETRY, BACKTRACK, RST): 3124242 3026597 48695 48950 254
STATS FOR CLAUSE LBD SCORE: (2) 24 (3) 102 (4) 162 (5) 5302 (6) 35321 (7) 460 (8) 19 (9) 21 (10) 27 (11) 7511
STATS FOR CLAUSE REMOVAL LBD SCORE: (2) 0 (3) 46 (4) 127 (5) 2805 (6) 33061 (7) 458 (8) 16 (9) 18 (10) 23 (11) 6112
CYCLE COUNTERS (COPY, PQ-FIND, BRANCH, LEARN, LEARN_MIN, SAVE, RESIZE, BACKTRACK, DELETE): 7,088 68,083,022 366,777,456 36,727,560 122,320,390 3,492,399 855,892 0 9,444,232
Kernel execution time: 0 (min) 3 (s) 69 (ms) 534 (us) RAW: 3069534513
ERROR DURING CLAUSE LEARNING ALLOCATION: -4
Command exited with non-zero status 3
HOST_WALL_SECONDS=4.36
HOST_MAX_RSS_KB=60568
