/home/admin/prj/FPGA25_SAT_Accel/src/bin/test.real.out /home/admin/prj/FPGA25_SAT_Accel/src/bin/workload-hw.xclbin /home/admin/prj/FPGA25_SAT_Accel/benchmark/configuration_vck5000_aggressive.json /home/admin/prj/FPGA25_SAT_Accel/benchmark/sp4-33-bin-nons-flat-noid.cnf /home/admin/prj/FPGA25_SAT_Accel/benchmark/results/sp4-33_vck5000_aggressive_metrics.csv 0
INPUT CHECK: ABSOLUTE LITERALS: 8/786 PRESOLVED COUNT: 248/5793 NUMBER OF ELEMENTS: 30720 24120
DISTRIBUTION OF MEMORY:
(0,0),(1,720),(2,0),(3,0),(4,0),(5,0),(6,0),(7,0),(8,0),(9,0),(10,0),(11,0),(12,0),(13,4),(14,0),(15,0),(16,0),(17,62),
(0,0),(1,0),(2,0),(3,0),(4,0),(5,0),(6,0),(7,0),(8,720),(9,0),(10,0),(11,0),(12,2),(13,2),(14,0),(15,0),(16,0),(17,62),
Found Platform
Platform Name: Xilinx
INFO: Reading /home/admin/prj/FPGA25_SAT_Accel/src/bin/workload-hw.xclbin
Loading: '/home/admin/prj/FPGA25_SAT_Accel/src/bin/workload-hw.xclbin'
Trying to program device[0]: xilinx_vck5000_gen4x8_qdma_base_2
Device[0]: program successful!



TRIP COUNT FOR LEARNING (iteration/mergecount): 731316 17673106
TRIP COUNT FOR MINIMIZE (iteration/mergecount/simplified): 5980679 65551061 25538
STATS FOR LONGEST CLAUSE (longest clause/longest simplified): 333 324
AVERAGE LATENCY FOR BCP CHECK VAR: 4864754 36.0666
ZEROING OVEHREAD: 5312852
CLEAR STREAM OVERHEAD: 1172766
ACCESS LIT STORE STATS: 4864754 4864178 34621910 35029269
STATS (TOTAL, DECISION, RETRY, BACKTRACK, RST): 214716 125876 44293 44547 253
STATS FOR CLAUSE LBD SCORE: (2) 9 (3) 73 (4) 522 (5) 1250 (6) 2044 (7) 2605 (8) 2352 (9) 1991 (10) 1697 (11) 32003
STATS FOR CLAUSE REMOVAL LBD SCORE: (2) 0 (3) 2 (4) 462 (5) 1124 (6) 1867 (7) 2426 (8) 2181 (9) 1847 (10) 1557 (11) 29066
CYCLE COUNTERS (COPY, PQ-FIND, BRANCH, LEARN, LEARN_MIN, SAVE, RESIZE, BACKTRACK, DELETE): 5,922 3,648,510 175,455,175 55,410,348 177,923,545 5,495,259 1,249,903 0 19,978,644
Kernel execution time: 0 (min) 1 (s) 999 (ms) 320 (us) RAW: 1999320480
ERROR DURING CLAUSE LEARNING ALLOCATION: -4
Command exited with non-zero status 3
HOST_WALL_SECONDS=3.87
HOST_MAX_RSS_KB=60440
