/home/admin/prj/FPGA25_SAT_Accel/src/bin/test.real.out /home/admin/prj/FPGA25_SAT_Accel/src/bin/workload-hw.xclbin /home/admin/prj/FPGA25_SAT_Accel/src/configuration.json /home/admin/prj/FPGA25_SAT_Accel/benchmark/sp5-26-19-bin-nons-tree-noid.cnf /home/admin/prj/FPGA25_SAT_Accel/benchmark/results/sp5-26-19_vck5000_metrics.csv 1
INPUT CHECK: ABSOLUTE LITERALS: 34/11427 PRESOLVED COUNT: 1025/33452 NUMBER OF ELEMENTS: 388784 133808
DISTRIBUTION OF MEMORY:
(0,0),(1,8022),(2,2780),(3,440),(4,110),(5,1),(6,0),(7,0),(8,0),(9,0),(10,1),(11,1),(12,0),(13,0),(14,0),(15,0),(16,0),(17,72),
(0,0),(1,3470),(2,729),(3,110),(4,7042),(5,1),(6,0),(7,0),(8,0),(9,0),(10,0),(11,0),(12,0),(13,0),(14,0),(15,1),(16,1),(17,73),
Found Platform
Platform Name: Xilinx
INFO: Reading /home/admin/prj/FPGA25_SAT_Accel/src/bin/workload-hw.xclbin
Loading: '/home/admin/prj/FPGA25_SAT_Accel/src/bin/workload-hw.xclbin'
Trying to program device[0]: xilinx_vck5000_gen4x8_qdma_base_2
Device[0]: program successful!



TRIP COUNT FOR LEARNING (iteration/mergecount): 148730 2961524
TRIP COUNT FOR MINIMIZE (iteration/mergecount/simplified): 1283947 4232109 411
STATS FOR LONGEST CLAUSE (longest clause/longest simplified): 1025 668
AVERAGE LATENCY FOR BCP CHECK VAR: 1493388 8.36151
ZEROING OVEHREAD: 2019607
CLEAR STREAM OVERHEAD: 134769
ACCESS LIT STORE STATS: 1493388 1482241 1836344 1827779
STATS (TOTAL, DECISION, RETRY, BACKTRACK, RST): 7916 5873 1018 1025 6
STATS FOR CLAUSE LBD SCORE: (2) 105 (3) 168 (4) 120 (5) 87 (6) 78 (7) 51 (8) 36 (9) 33 (10) 31 (11) 315
STATS FOR CLAUSE REMOVAL LBD SCORE: (2) 0 (3) 0 (4) 0 (5) 0 (6) 0 (7) 2 (8) 13 (9) 17 (10) 22 (11) 168
CYCLE COUNTERS (COPY, PQ-FIND, BRANCH, LEARN, LEARN_MIN, SAVE, RESIZE, BACKTRACK, DELETE): 39,153 516,468 12,486,975 9,271,402 28,410,123 133,946 23,046 0 232,862
Kernel execution time: 0 (min) 0 (s) 231 (ms) 120 (us) RAW: 231120389
ERROR DURING CLAUSE LEARNING ALLOCATION: -2
Command exited with non-zero status 3
HOST_WALL_SECONDS=1.36
HOST_MAX_RSS_KB=61204
